 PSINS

 Timestamp is 643911ca (Fri Apr 14 16:41:46 2023)

 Preferred load address is 00400000

 Start         Length     Name                   Class
 0001:00000000 000560caH .text                   CODE
 0001:000560d0 00000713H .text$x                 CODE
 0002:00000000 000024d8H .rdata                  DATA
 0002:000024d8 0000017cH .rdata$r                DATA
 0002:00002658 00000950H .xdata$x                DATA
 0002:00002fb0 00000699H .edata                  DATA
 0003:00000000 00000004H .CRT$XCA                DATA
 0003:00000004 00000024H .CRT$XCU                DATA
 0003:00000028 00000004H .CRT$XCZ                DATA
 0003:0000002c 00000004H .CRT$XIA                DATA
 0003:00000030 00000010H .CRT$XIC                DATA
 0003:00000040 00000004H .CRT$XIY                DATA
 0003:00000044 00000004H .CRT$XIZ                DATA
 0003:00000048 00000004H .CRT$XPA                DATA
 0003:0000004c 00000008H .CRT$XPX                DATA
 0003:00000054 00000004H .CRT$XPZ                DATA
 0003:00000058 00000004H .CRT$XTA                DATA
 0003:0000005c 00000004H .CRT$XTB                DATA
 0003:00000060 00000004H .CRT$XTZ                DATA
 0003:00000070 00003d14H .data                   DATA
 0003:00003d90 00001fd9H .bss                    DATA
 0004:00000000 0000003cH .idata$2                DATA
 0004:0000003c 00000014H .idata$3                DATA
 0004:00000050 000001c8H .idata$4                DATA
 0004:00000218 000001c8H .idata$5                DATA
 0004:000003e0 000007feH .idata$6                DATA

  Address         Publics by Value              Rva+Base     Lib:Object

 0001:00000000       ??0CKFApp@@QAE@N@Z         00401000 f   KFApp.obj
 0001:00000060       ?Init@CKFApp@@UAEXABVCSINS@@H@Z 00401060 f   KFApp.obj
 0001:000004a0       ?RTOutput@CSINSTDKF@@UAEXXZ 004014a0 f i KFApp.obj
 0001:000004d0       ?Miscellanous@CSINSTDKF@@UAEXXZ 004014d0 f i KFApp.obj
 0001:00000500       ?SecretAttitude@CSINSTDKF@@UAEXXZ 00401500 f i KFApp.obj
 0001:00000530       ?SetMeas@CSINSGNSS@@UAEXXZ 00401530 f i KFApp.obj
 0001:00000560       _main                      00401560 f   Main_SinsGps.obj
 0001:000009d0       ??1CFileRdSr@@QAE@XZ       004019d0 f i Main_SinsGps.obj
 0001:00000a10       ??0CFileRdSr@@QAE@PBD@Z    00401a10 f i Main_SinsGps.obj
 0001:00000ad0       ?load@CFileRdSr@@QAEHH@Z   00401ad0 f i Main_SinsGps.obj
 0001:00000b20       ??0DataSensor@@QAE@XZ      00401b20 f i Main_SinsGps.obj
 0001:00001080       ??0CGLV@@QAE@NNNN@Z        00402080 f   PSINS.obj
 0001:00001370       ??0CComplex@@QAE@NN@Z      00402370 f   PSINS.obj
 0001:000013c0       ??HCComplex@@QBE?AV0@ABV0@@Z 004023c0 f   PSINS.obj
 0001:00001440       ??HCComplex@@QBE?AV0@N@Z   00402440 f   PSINS.obj
 0001:000014b0       ??H@YA?AVCComplex@@NABV0@@Z 004024b0 f   PSINS.obj
 0001:00001520       ??GCComplex@@QBE?AV0@ABV0@@Z 00402520 f   PSINS.obj
 0001:000015a0       ??GCComplex@@QBE?AV0@N@Z   004025a0 f   PSINS.obj
 0001:00001610       ??G@YA?AVCComplex@@NABV0@@Z 00402610 f   PSINS.obj
 0001:00001680       ??DCComplex@@QBE?AV0@ABV0@@Z 00402680 f   PSINS.obj
 0001:00001710       ??DCComplex@@QBE?AV0@N@Z   00402710 f   PSINS.obj
 0001:00001790       ??D@YA?AVCComplex@@NABV0@@Z 00402790 f   PSINS.obj
 0001:00001800       ??KCComplex@@QBE?AV0@ABV0@@Z 00402800 f   PSINS.obj
 0001:000018f0       ??KCComplex@@QBE?AV0@N@Z   004028f0 f   PSINS.obj
 0001:000019b0       ??K@YA?AVCComplex@@NABV0@@Z 004029b0 f   PSINS.obj
 0001:00001a20       ??G@YA?AVCComplex@@ABV0@@Z 00402a20 f   PSINS.obj
 0001:00001a90       ??4CComplex@@QAEAAV0@N@Z   00402a90 f   PSINS.obj
 0001:00001ae0       ??S@YA?AVCComplex@@ABV0@@Z 00402ae0 f   PSINS.obj
 0001:00001b50       ?real@@YANABVCComplex@@@Z  00402b50 f   PSINS.obj
 0001:00001b80       ?img@@YANABVCComplex@@@Z   00402b80 f   PSINS.obj
 0001:00001bb0       ?norm@@YANABVCComplex@@@Z  00402bb0 f   PSINS.obj
 0001:00001c00       ?arg@@YANABVCComplex@@@Z   00402c00 f   PSINS.obj
 0001:00001c80       ?pow@@YA?AVCComplex@@ABV1@N@Z 00402c80 f   PSINS.obj
 0001:00001d90       ?sqrt@@YA?AVCComplex@@ABV1@@Z 00402d90 f   PSINS.obj
 0001:00001e60       ?m33abc@@YA?AVCVect3@@ABVCMat3@@@Z 00402e60 f   PSINS.obj
 0001:00001f70       ?realrt3@@YA?AVCVect3@@NNN@Z 00402f70 f   PSINS.obj
 0001:000022d0       ??0CComplex@@QAE@XZ        004032d0 f i PSINS.obj
 0001:00002300       ?ShengJin@@YA?AVCVect3@@NNN@Z 00403300 f   PSINS.obj
 0001:000024b0       ??0CVect3@@QAE@XZ          004034b0 f   PSINS.obj
 0001:000024e0       ??0CVect3@@QAE@N@Z         004034e0 f   PSINS.obj
 0001:00002540       ??0CVect3@@QAE@NNN@Z       00403540 f   PSINS.obj
 0001:000025a0       ??0CVect3@@QAE@PBN@Z       004035a0 f   PSINS.obj
 0001:00002610       ??0CVect3@@QAE@PBM@Z       00403610 f   PSINS.obj
 0001:00002670       ?IsZero@@YAHABVCVect3@@N@Z 00403670 f   PSINS.obj
 0001:00002710       ?IsZeroXY@@YAHABVCVect3@@N@Z 00403710 f   PSINS.obj
 0001:00002790       ?IsNaN@@YAHABVCVect3@@@Z   00403790 f   PSINS.obj
 0001:000027c0       ??HCVect3@@QBE?AV0@ABV0@@Z 004037c0 f   PSINS.obj
 0001:00002840       ??GCVect3@@QBE?AV0@ABV0@@Z 00403840 f   PSINS.obj
 0001:000028c0       ??DCVect3@@QBE?AV0@ABV0@@Z 004038c0 f   PSINS.obj
 0001:00002970       ??DCVect3@@QBE?AV0@N@Z     00403970 f   PSINS.obj
 0001:000029f0       ??DCVect3@@QBE?AV0@ABVCMat3@@@Z 004039f0 f   PSINS.obj
 0001:00002ac0       ??KCVect3@@QBE?AV0@N@Z     00403ac0 f   PSINS.obj
 0001:00002b40       ??KCVect3@@QBE?AV0@ABV0@@Z 00403b40 f   PSINS.obj
 0001:00002bc0       ??4CVect3@@QAEAAV0@N@Z     00403bc0 f   PSINS.obj
 0001:00002c20       ??4CVect3@@QAEAAV0@PBN@Z   00403c20 f   PSINS.obj
 0001:00002c90       ??YCVect3@@QAEAAV0@ABV0@@Z 00403c90 f   PSINS.obj
 0001:00002cf0       ??ZCVect3@@QAEAAV0@ABV0@@Z 00403cf0 f   PSINS.obj
 0001:00002d50       ??XCVect3@@QAEAAV0@N@Z     00403d50 f   PSINS.obj
 0001:00002db0       ??_0CVect3@@QAEAAV0@N@Z    00403db0 f   PSINS.obj
 0001:00002e10       ??_0CVect3@@QAEAAV0@ABV0@@Z 00403e10 f   PSINS.obj
 0001:00002e70       ??D@YA?AVCVect3@@NABV0@@Z  00403e70 f   PSINS.obj
 0001:00002ee0       ??G@YA?AVCVect3@@ABV0@@Z   00403ee0 f   PSINS.obj
 0001:00002f50       ??RCVect3@@QAEAANH@Z       00403f50 f   PSINS.obj
 0001:00002f80       ?vxv@@YA?AVCMat3@@ABVCVect3@@0@Z 00403f80 f   PSINS.obj
 0001:00003070       ?sqrt@@YA?AVCVect3@@ABV1@@Z 00404070 f   PSINS.obj
 0001:000030f0       ?pow@@YA?AVCVect3@@ABV1@H@Z 004040f0 f   PSINS.obj
 0001:00003170       ?abs@@YA?AVCVect3@@ABV1@@Z 00404170 f   PSINS.obj
 0001:00003260       ?maxabs@@YA?AVCVect3@@ABV1@0@Z 00404260 f   PSINS.obj
 0001:00003460       ?norm@@YANABVCVect3@@@Z    00404460 f   PSINS.obj
 0001:000034c0       ?normlize@@YANPAVCVect3@@@Z 004044c0 f   PSINS.obj
 0001:00003530       ?normInf@@YANABVCVect3@@@Z 00404530 f   PSINS.obj
 0001:00003670       ?normXY@@YANABVCVect3@@@Z  00404670 f   PSINS.obj
 0001:000036c0       ?normXYInf@@YANABVCVect3@@@Z 004046c0 f   PSINS.obj
 0001:00003780       ?dot@@YANABVCVect3@@0@Z    00404780 f   PSINS.obj
 0001:000037d0       ?dotmul@@YA?AVCVect3@@ABV1@0@Z 004047d0 f   PSINS.obj
 0001:00003850       ?dotdiv@@YA?AVCVect3@@ABV1@0@Z 00404850 f   PSINS.obj
 0001:000038d0       ?rv2q@@YA?AVCQuat@@ABVCVect3@@@Z 004048d0 f   PSINS.obj
 0001:00003a20       ?rv2m@@YA?AVCMat3@@ABVCVect3@@@Z 00404a20 f   PSINS.obj
 0001:00003a80       ?askew@@YA?AVCMat3@@ABVCVect3@@@Z 00404a80 f   PSINS.obj
 0001:00003b20       ?pos2Cen@@YA?AVCMat3@@ABVCVect3@@@Z 00404b20 f   PSINS.obj
 0001:00003c20       ?pp2vn@@YA?AVCVect3@@ABV1@0NPAVCEarth@@@Z 00404c20 f   PSINS.obj
 0001:00003d70       ?sinAng@@YANABVCVect3@@0@Z 00404d70 f   PSINS.obj
 0001:00003e20       ?MagYaw@@YANABVCVect3@@0N@Z 00404e20 f   PSINS.obj
 0001:00003f10       ?xyz2blh@@YA?AVCVect3@@ABV1@@Z 00404f10 f   PSINS.obj
 0001:000040d0       ?blh2xyz@@YA?AVCVect3@@ABV1@@Z 004050d0 f   PSINS.obj
 0001:000041e0       ?Vxyz2enu@@YA?AVCVect3@@ABV1@0@Z 004051e0 f   PSINS.obj
 0001:00004240       ?v2double@@YA?AVCVect3@@N@Z 00405240 f   PSINS.obj
 0001:00004310       ?v3double@@YA?AVCVect3@@N@Z 00405310 f   PSINS.obj
 0001:00004410       ?v5double@@YAXNAAVCVect3@@0@Z 00405410 f   PSINS.obj
 0001:00004500       ?sort@@YA?AVCVect3@@ABV1@@Z 00405500 f   PSINS.obj
 0001:000045d0       ?attract@@YA?AVCVect3@@ABV1@00@Z 004055d0 f   PSINS.obj
 0001:00004730       ?ff2muxy@@YA?AVCVect3@@ABV1@0PBD1@Z 00405730 f   PSINS.obj
 0001:00004840       ??0CQuat@@QAE@XZ           00405840 f   PSINS.obj
 0001:00004870       ??0CQuat@@QAE@NABVCVect3@@@Z 00405870 f   PSINS.obj
 0001:000048e0       ??0CQuat@@QAE@NNNN@Z       004058e0 f   PSINS.obj
 0001:00004950       ??0CQuat@@QAE@PBN@Z        00405950 f   PSINS.obj
 0001:000049e0       ??HCQuat@@QBE?AV0@ABVCVect3@@@Z 004059e0 f   PSINS.obj
 0001:00004a70       ??GCQuat@@QBE?AV0@ABVCVect3@@@Z 00405a70 f   PSINS.obj
 0001:00004af0       ??GCQuat@@QBE?AVCVect3@@ABV0@@Z 00405af0 f   PSINS.obj
 0001:00004c30       ??DCQuat@@QBE?AV0@ABV0@@Z  00405c30 f   PSINS.obj
 0001:00004d60       ??XCQuat@@QAEAAV0@ABV0@@Z  00405d60 f   PSINS.obj
 0001:00004db0       ??ZCQuat@@QAEAAV0@ABVCVect3@@@Z 00405db0 f   PSINS.obj
 0001:00004e30       ??S@YA?AVCQuat@@ABV0@@Z    00405e30 f   PSINS.obj
 0001:00004eb0       ??DCQuat@@QBE?AVCVect3@@ABV1@@Z 00405eb0 f   PSINS.obj
 0001:00005040       ?SetYaw@CQuat@@QAEXN@Z     00406040 f   PSINS.obj
 0001:000050c0       ?normlize@@YANPAVCQuat@@@Z 004060c0 f   PSINS.obj
 0001:00005170       ?q2rv@@YA?AVCVect3@@ABVCQuat@@@Z 00406170 f   PSINS.obj
 0001:000052a0       ?qq2phi@@YA?AVCVect3@@ABVCQuat@@0@Z 004062a0 f   PSINS.obj
 0001:00005310       ?addmu@@YA?AVCQuat@@ABV1@ABVCVect3@@@Z 00406310 f   PSINS.obj
 0001:00005370       ?UpDown@@YA?AVCQuat@@ABV1@@Z 00406370 f   PSINS.obj
 0001:00005400       ??0CMat3@@QAE@XZ           00406400 f   PSINS.obj
 0001:00005430       ??0CMat3@@QAE@N@Z          00406430 f   PSINS.obj
 0001:000054e0       ??0CMat3@@QAE@PBN@Z        004064e0 f   PSINS.obj
 0001:000055f0       ??0CMat3@@QAE@PBM@Z        004065f0 f   PSINS.obj
 0001:000056d0       ??0CMat3@@QAE@NNN@Z        004066d0 f   PSINS.obj
 0001:00005790       ??0CMat3@@QAE@NNNNNNNNN@Z  00406790 f   PSINS.obj
 0001:00005840       ??0CMat3@@QAE@ABVCVect3@@00H@Z 00406840 f   PSINS.obj
 0001:000059c0       ?sv2att@@YA?AVCVect3@@ABV1@N0@Z 004069c0 f   PSINS.obj
 0001:00005b10       ?dv2att@@YA?AVCVect3@@ABV1@000@Z 00406b10 f   PSINS.obj
 0001:00005da0       ?mv2att@@YA?AVCVect3@@HPBV1@0ZZ 00406da0 f   PSINS.obj
 0001:00005ea0       ?vn2att@@YA?AVCVect3@@ABV1@@Z 00406ea0 f   PSINS.obj
 0001:00005f60       ??G@YA?AVCMat3@@ABV0@@Z    00406f60 f   PSINS.obj
 0001:00006030       ??S@YA?AVCMat3@@ABV0@@Z    00407030 f   PSINS.obj
 0001:000060e0       ??DCMat3@@QBE?AV0@ABV0@@Z  004070e0 f   PSINS.obj
 0001:000062b0       ??HCMat3@@QBE?AV0@ABV0@@Z  004072b0 f   PSINS.obj
 0001:00006390       ??YCMat3@@QAEAAV0@ABV0@@Z  00407390 f   PSINS.obj
 0001:00006460       ??HCMat3@@QBE?AV0@ABVCVect3@@@Z 00407460 f   PSINS.obj
 0001:000064d0       ??YCMat3@@QAEAAV0@ABVCVect3@@@Z 004074d0 f   PSINS.obj
 0001:00006530       ??GCMat3@@QBE?AV0@ABV0@@Z  00407530 f   PSINS.obj
 0001:00006610       ??DCMat3@@QBE?AV0@N@Z      00407610 f   PSINS.obj
 0001:000066f0       ??RCMat3@@QAEAANHH@Z       004076f0 f   PSINS.obj
 0001:00006730       ?SetRow@CMat3@@QAEXHABVCVect3@@@Z 00407730 f   PSINS.obj
 0001:000067a0       ?SetClm@CMat3@@QAEXHABVCVect3@@@Z 004077a0 f   PSINS.obj
 0001:00006810       ?GetRow@CMat3@@QBE?AVCVect3@@H@Z 00407810 f   PSINS.obj
 0001:00006890       ?GetClm@CMat3@@QBE?AVCVect3@@H@Z 00407890 f   PSINS.obj
 0001:00006910       ?Rot@@YA?AVCMat3@@ND@Z     00407910 f   PSINS.obj
 0001:00006a90       ?rotz@@YA?AVCVect3@@ABV1@N@Z 00407a90 f   PSINS.obj
 0001:00006b40       ?rcijk@@YA?AVCMat3@@ABV1@H@Z 00407b40 f   PSINS.obj
 0001:00006f20       ?symmetry@@YAXAAVCMat3@@@Z 00407f20 f   PSINS.obj
 0001:00006fc0       ??D@YA?AVCMat3@@NABV0@@Z   00407fc0 f   PSINS.obj
 0001:00007090       ??DCMat3@@QBE?AVCVect3@@ABV1@@Z 00408090 f   PSINS.obj
 0001:00007160       ?dotmul@@YA?AVCMat3@@ABV1@0@Z 00408160 f   PSINS.obj
 0001:00007230       ?det@@YANABVCMat3@@@Z      00408230 f   PSINS.obj
 0001:000072c0       ?trace@@YANABVCMat3@@@Z    004082c0 f   PSINS.obj
 0001:000072f0       ?pow@@YA?AVCMat3@@ABV1@H@Z 004082f0 f   PSINS.obj
 0001:00007380       ?a2qua@@YA?AVCQuat@@NNN@Z  00408380 f   PSINS.obj
 0001:000074c0       ?a2qua@@YA?AVCQuat@@ABVCVect3@@@Z 004084c0 f   PSINS.obj
 0001:00007530       ?a2mat@@YA?AVCMat3@@ABVCVect3@@@Z 00408530 f   PSINS.obj
 0001:00007680       ?ar2mat@@YA?AVCMat3@@ABVCVect3@@@Z 00408680 f   PSINS.obj
 0001:000077d0       ?ar2qua@@YA?AVCQuat@@ABVCVect3@@@Z 004087d0 f   PSINS.obj
 0001:00007830       ?m2att@@YA?AVCVect3@@ABVCMat3@@@Z 00408830 f   PSINS.obj
 0001:000078f0       ?m2attr@@YA?AVCVect3@@ABVCMat3@@@Z 004088f0 f   PSINS.obj
 0001:000079b0       ?q2attr@@YA?AVCVect3@@ABVCQuat@@@Z 004089b0 f   PSINS.obj
 0001:00007a10       ?m2rv@@YA?AVCVect3@@ABVCMat3@@@Z 00408a10 f   PSINS.obj
 0001:00007b20       ?m2qua@@YA?AVCQuat@@ABVCMat3@@@Z 00408b20 f   PSINS.obj
 0001:00007df0       ?q2att@@YA?AVCVect3@@ABVCQuat@@@Z 00408df0 f   PSINS.obj
 0001:00007f60       ?q2mat@@YA?AVCMat3@@ABVCQuat@@@Z 00408f60 f   PSINS.obj
 0001:000080c0       ?Ka2Cba@@YA?AVCMat3@@ABV1@AAVCVect3@@@Z 004090c0 f   PSINS.obj
 0001:000081c0       ?Cba2Ka@@YA?AVCMat3@@ABV1@ABVCVect3@@@Z 004091c0 f   PSINS.obj
 0001:00008260       ?Ka22Kpn@@YAXABVCVect3@@0AAV1@1@Z 00409260 f   PSINS.obj
 0001:00008320       ?Kpn2Ka2@@YAXABVCVect3@@0AAV1@1@Z 00409320 f   PSINS.obj
 0001:000083d0       ?adj@@YA?AVCMat3@@ABV1@@Z  004093d0 f   PSINS.obj
 0001:00008530       ?inv@@YA?AVCMat3@@ABV1@@Z  00409530 f   PSINS.obj
 0001:000085d0       ?diag@@YA?AVCVect3@@ABVCMat3@@@Z 004095d0 f   PSINS.obj
 0001:00008630       ?diag@@YA?AVCMat3@@ABVCVect3@@@Z 00409630 f   PSINS.obj
 0001:000086c0       ?askew@@YA?AVCMat3@@ABV1@H@Z 004096c0 f   PSINS.obj
 0001:000087f0       ?MMT@@YA?AVCMat3@@ABV1@0@Z 004097f0 f   PSINS.obj
 0001:00008980       ?trMMT@@YANABVCMat3@@0@Z   00409980 f   PSINS.obj
 0001:00008a40       ?norm@@YANABVCMat3@@@Z     00409a40 f   PSINS.obj
 0001:00008a90       ?sfoam@@YA?AVCMat3@@ABV1@H@Z 00409a90 f   PSINS.obj
 0001:000091a0       ??0CMat@@QAE@XZ            0040a1a0 f   PSINS.obj
 0001:000091d0       ??0CMat@@QAE@HH@Z          0040a1d0 f   PSINS.obj
 0001:00009220       ??0CMat@@QAE@HHN@Z         0040a220 f   PSINS.obj
 0001:000092b0       ??0CMat@@QAA@HHNNZZ        0040a2b0 f   PSINS.obj
 0001:00009360       ??0CMat@@QAE@HHPBN@Z       0040a360 f   PSINS.obj
 0001:000093e0       ?Reset@CMat@@QAEXHH@Z      0040a3e0 f   PSINS.obj
 0001:00009430       ?Clear@CMat@@QAEXXZ        0040a430 f   PSINS.obj
 0001:000094a0       ??DCMat@@QBE?AV0@ABV0@@Z   0040a4a0 f   PSINS.obj
 0001:00009690       ??DCMat@@QBE?AV0@ABVCMat3@@@Z 0040a690 f   PSINS.obj
 0001:00009720       ??DCMat@@QBE?AVCVect@@ABV1@@Z 0040a720 f   PSINS.obj
 0001:00009870       ??HCMat@@QBE?AV0@ABV0@@Z   0040a870 f   PSINS.obj
 0001:00009970       ??YCMat@@QAEAAV0@ABVCVect@@@Z 0040a970 f   PSINS.obj
 0001:00009a00       ??GCMat@@QBE?AV0@ABV0@@Z   0040aa00 f   PSINS.obj
 0001:00009b00       ??DCMat@@QBE?AV0@N@Z       0040ab00 f   PSINS.obj
 0001:00009be0       ??4CMat@@QAEAAV0@N@Z       0040abe0 f   PSINS.obj
 0001:00009c50       ??YCMat@@QAEAAV0@ABV0@@Z   0040ac50 f   PSINS.obj
 0001:00009cd0       ??ZCMat@@QAEAAV0@ABV0@@Z   0040acd0 f   PSINS.obj
 0001:00009d50       ??XCMat@@QAEAAV0@N@Z       0040ad50 f   PSINS.obj
 0001:00009dc0       ??ECMat@@QAEAAV0@XZ        0040adc0 f   PSINS.obj
 0001:00009e40       ??S@YA?AVCMat@@ABV0@@Z     0040ae40 f   PSINS.obj
 0001:00009f40       ?symmetry@@YAXAAVCMat@@@Z  0040af40 f   PSINS.obj
 0001:0000a030       ?trace@@YANABVCMat@@@Z     0040b030 f   PSINS.obj
 0001:0000a0b0       ?dotmul@@YA?AVCMat@@ABV1@0@Z 0040b0b0 f   PSINS.obj
 0001:0000a1a0       ??RCMat@@QAEAANHH@Z        0040b1a0 f   PSINS.obj
 0001:0000a1f0       ?SetRow@CMat@@QAAXHNZZ     0040b1f0 f   PSINS.obj
 0001:0000a280       ?SetRow@CMat@@QAEXHABVCVect@@@Z 0040b280 f   PSINS.obj
 0001:0000a300       ?SetClm@CMat@@QAAXHNZZ     0040b300 f   PSINS.obj
 0001:0000a390       ?SetClm@CMat@@QAEXHABVCVect@@@Z 0040b390 f   PSINS.obj
 0001:0000a410       ?SetClmVect3@CMat@@QAEXHHABVCVect3@@@Z 0040b410 f   PSINS.obj
 0001:0000a4a0       ?SetClmVect3@CMat@@QAEXHHABVCVect3@@0@Z 0040b4a0 f   PSINS.obj
 0001:0000a570       ?SetClmVect3@CMat@@QAEXHHABVCVect3@@00@Z 0040b570 f   PSINS.obj
 0001:0000a670       ?SetRowVect3@CMat@@QAEXHHABVCVect3@@@Z 0040b670 f   PSINS.obj
 0001:0000a6c0       ?SetRowVect3@CMat@@QAEXHHABVCVect3@@0@Z 0040b6c0 f   PSINS.obj
 0001:0000a720       ?SetRowVect3@CMat@@QAEXHHABVCVect3@@00@Z 0040b720 f   PSINS.obj
 0001:0000a7a0       ?GetRowVect3@CMat@@QBE?AVCVect3@@HH@Z 0040b7a0 f   PSINS.obj
 0001:0000a7f0       ?GetClmVect3@CMat@@QBE?AVCVect3@@HH@Z 0040b7f0 f   PSINS.obj
 0001:0000a8a0       ?SetDiagVect3@CMat@@QAEXHHABVCVect3@@@Z 0040b8a0 f   PSINS.obj
 0001:0000a930       ?GetDiagVect3@CMat@@QBE?AVCVect3@@HH@Z 0040b930 f   PSINS.obj
 0001:0000a9f0       ?SetAskew@CMat@@QAEXHHABVCVect3@@@Z 0040b9f0 f   PSINS.obj
 0001:0000aae0       ?SetMat3@CMat@@QAEXHHABVCMat3@@@Z 0040bae0 f   PSINS.obj
 0001:0000ab70       ?SetMat3@CMat@@QAEXHHABVCMat3@@0@Z 0040bb70 f   PSINS.obj
 0001:0000ac30       ?SetMat3@CMat@@QAEXHHABVCMat3@@00@Z 0040bc30 f   PSINS.obj
 0001:0000ad30       ?GetMat3@CMat@@QBE?AVCMat3@@HH@Z 0040bd30 f   PSINS.obj
 0001:0000adf0       ?SubAddMat3@CMat@@QAEXHHABVCMat3@@@Z 0040bdf0 f   PSINS.obj
 0001:0000ae80       ?GetRow@CMat@@QBE?AVCVect@@H@Z 0040be80 f   PSINS.obj
 0001:0000af60       ?GetClm@CMat@@QBE?AVCVect@@H@Z 0040bf60 f   PSINS.obj
 0001:0000b040       ?ZeroRow@CMat@@QAEXH@Z     0040c040 f   PSINS.obj
 0001:0000b0b0       ?ZeroClm@CMat@@QAEXH@Z     0040c0b0 f   PSINS.obj
 0001:0000b120       ?SetDiag@CMat@@QAAXNZZ     0040c120 f   PSINS.obj
 0001:0000b200       ?SetDiag2@CMat@@QAAXNZZ    0040c200 f   PSINS.obj
 0001:0000b2e0       ?SetAscend@CMat@@QAEXNN@Z  0040c2e0 f   PSINS.obj
 0001:0000b350       ?norm1@@YANABVCMat@@@Z     0040c350 f   PSINS.obj
 0001:0000b390       ?normInf@@YANABVCMat@@@Z   0040c390 f   PSINS.obj
 0001:0000b3d0       ?diag@@YA?AVCVect@@ABVCMat@@@Z 0040c3d0 f   PSINS.obj
 0001:0000b4b0       ?eye@@YA?AVCMat@@H@Z       0040c4b0 f   PSINS.obj
 0001:0000b570       ?inv4@@YA?AVCMat@@ABV1@@Z  0040c570 f   PSINS.obj
 0001:0000b850       ?inv6@@YA?AVCMat@@ABV1@@Z  0040c850 f   PSINS.obj
 0001:0000bb00       ?lss@@YA?AVCVect@@ABVCMat@@ABV1@@Z 0040cb00 f   PSINS.obj
 0001:0000bc40       ?RowMul@@YAXAAVCMat@@ABV1@1HH@Z 0040cc40 f   PSINS.obj
 0001:0000bd60       ?RowMulT@@YAXAAVCMat@@ABV1@1HH@Z 0040cd60 f   PSINS.obj
 0001:0000be80       ?diag@@YA?AVCMat@@ABVCVect@@@Z 0040ce80 f   PSINS.obj
 0001:0000bf90       ?DVMDVafa@@YAXABVCVect@@AAVCMat@@N@Z 0040cf90 f   PSINS.obj
 0001:0000c080       ??0CVect@@QAE@XZ           0040d080 f   PSINS.obj
 0001:0000c0b0       ??0CVect@@QAE@HH@Z         0040d0b0 f   PSINS.obj
 0001:0000c120       ??0CVect@@QAE@HN@Z         0040d120 f   PSINS.obj
 0001:0000c1a0       ??0CVect@@QAE@HPBN@Z       0040d1a0 f   PSINS.obj
 0001:0000c220       ??0CVect@@QAA@HNNZZ        0040d220 f   PSINS.obj
 0001:0000c300       ??0CVect@@QAE@ABVCVect3@@@Z 0040d300 f   PSINS.obj
 0001:0000c390       ??0CVect@@QAE@ABVCVect3@@V1@@Z 0040d390 f   PSINS.obj
 0001:0000c440       ?Clear@CVect@@QAEXXZ       0040d440 f   PSINS.obj
 0001:0000c4a0       ?Reset@CVect@@QAEXHH@Z     0040d4a0 f   PSINS.obj
 0001:0000c510       ??G@YA?AVCVect@@ABV0@@Z    0040d510 f   PSINS.obj
 0001:0000c5b0       ??S@YA?AVCVect@@ABV0@@Z    0040d5b0 f   PSINS.obj
 0001:0000c610       ??DCVect@@QBE?AV0@ABVCMat@@@Z 0040d610 f   PSINS.obj
 0001:0000c770       ??DCVect@@QBE?AVCMat@@ABV0@@Z 0040d770 f   PSINS.obj
 0001:0000c930       ??HCVect@@QBE?AV0@ABV0@@Z  0040d930 f   PSINS.obj
 0001:0000ca10       ??GCVect@@QBE?AV0@ABV0@@Z  0040da10 f   PSINS.obj
 0001:0000caf0       ??DCVect@@QBE?AV0@N@Z      0040daf0 f   PSINS.obj
 0001:0000cbd0       ??4CVect@@QAEAAV0@N@Z      0040dbd0 f   PSINS.obj
 0001:0000cc40       ??4CVect@@QAEAAV0@PBN@Z    0040dc40 f   PSINS.obj
 0001:0000ccb0       ??4CVect@@QAEAAV0@ABVCMat3@@@Z 0040dcb0 f   PSINS.obj
 0001:0000cd20       ??YCVect@@QAEAAV0@ABV0@@Z  0040dd20 f   PSINS.obj
 0001:0000cda0       ??ZCVect@@QAEAAV0@ABV0@@Z  0040dda0 f   PSINS.obj
 0001:0000ce20       ??XCVect@@QAEAAV0@N@Z      0040de20 f   PSINS.obj
 0001:0000ce90       ?dot@@YANABVCVect@@0@Z     0040de90 f   PSINS.obj
 0001:0000cf10       ?dotmul@@YA?AVCVect@@ABV1@0@Z 0040df10 f   PSINS.obj
 0001:0000d000       ?pow@@YA?AVCVect@@ABV1@H@Z 0040e000 f   PSINS.obj
 0001:0000d0f0       ?abs@@YA?AVCVect@@ABV1@@Z  0040e0f0 f   PSINS.obj
 0001:0000d200       ?norm@@YANABVCVect@@@Z     0040e200 f   PSINS.obj
 0001:0000d240       ?norm1@@YANABVCVect@@@Z    0040e240 f   PSINS.obj
 0001:0000d280       ?normInf@@YANABVCVect@@@Z  0040e280 f   PSINS.obj
 0001:0000d2c0       ??RCVect@@QAEAANH@Z        0040e2c0 f   PSINS.obj
 0001:0000d2f0       ?Set@CVect@@QAAXNZZ        0040e2f0 f   PSINS.obj
 0001:0000d380       ?Set2@CVect@@QAAXNZZ       0040e380 f   PSINS.obj
 0001:0000d410       ?SetVect3@CVect@@QAEXHABVCVect3@@@Z 0040e410 f   PSINS.obj
 0001:0000d450       ?Set2Vect3@CVect@@QAEXHABVCVect3@@@Z 0040e450 f   PSINS.obj
 0001:0000d4d0       ?SetAscend@CVect@@QAEXNN@Z 0040e4d0 f   PSINS.obj
 0001:0000d540       ?SetBit@CVect@@QAEXIN@Z    0040e540 f   PSINS.obj
 0001:0000d5b0       ?SetBit@CVect@@QAEXIABVCVect3@@@Z 0040e5b0 f   PSINS.obj
 0001:0000d640       ?GetVect3@CVect@@QBE?AVCVect3@@H@Z 0040e640 f   PSINS.obj
 0001:0000d680       ?mean@@YANABVCVect@@@Z     0040e680 f   PSINS.obj
 0001:0000d6f0       ?sort@@YA?AVCVect@@ABV1@@Z 0040e6f0 f   PSINS.obj
 0001:0000d810       ??0CPolyfit@@QAE@XZ        0040e810 f   PSINS.obj
 0001:0000d840       ?Init@CPolyfit@@UAEXNHN@Z  0040e840 f   PSINS.obj
 0001:0000d980       ?SetP@CPolyfit@@QAAXNZZ    0040e980 f   PSINS.obj
 0001:0000da00       ?SetUD@CPolyfit@@QAAXNZZ   0040ea00 f   PSINS.obj
 0001:0000daf0       ?SetHk@CPolyfit@@QAAXNZZ   0040eaf0 f   PSINS.obj
 0001:0000db70       ?UpdateP@CPolyfit@@QAEXN@Z 0040eb70 f   PSINS.obj
 0001:0000ddf0       ?Update@CPolyfit@@QAEXNN@Z 0040edf0 f   PSINS.obj
 0001:0000df10       ?eval@CPolyfit@@QAENN@Z    0040ef10 f   PSINS.obj
 0001:0000dfe0       ??0CPolyfit3@@QAE@XZ       0040efe0 f   PSINS.obj
 0001:0000e040       ??_H@YGXPAXIHP6EX0@Z@Z     0040f040 f i PSINS.obj
 0001:0000e0a0       ?Init@CPolyfit3@@UAEXNHN@Z 0040f0a0 f   PSINS.obj
 0001:0000e130       ?Update@CPolyfit3@@QAEXABVCVect3@@N@Z 0040f130 f   PSINS.obj
 0001:0000e290       ?eval@CPolyfit3@@QAE?AVCVect3@@N@Z 0040f290 f   PSINS.obj
 0001:0000e3b0       ??0CIIR@@QAE@XZ            0040f3b0 f   PSINS.obj
 0001:0000e3e0       ??0CIIR@@QAE@PAN0H@Z       0040f3e0 f   PSINS.obj
 0001:0000e4a0       ?Update@CIIR@@QAENN@Z      0040f4a0 f   PSINS.obj
 0001:0000e5b0       ??0CIIRV3@@QAE@XZ          0040f5b0 f   PSINS.obj
 0001:0000e620       ??0CIIRV3@@QAE@PAN0H00H00H@Z 0040f620 f   PSINS.obj
 0001:0000e740       ?Update@CIIRV3@@QAE?AVCVect3@@ABV2@@Z 0040f740 f   PSINS.obj
 0001:0000e800       ??0CRAvar@@QAE@XZ          0040f800 f   PSINS.obj
 0001:0000e830       ??0CRAvar@@QAE@HH@Z        0040f830 f   PSINS.obj
 0001:0000e8b0       ?set@CRAvar@@QAEXNNNNH@Z   0040f8b0 f   PSINS.obj
 0001:0000e9d0       ?set@CRAvar@@QAEXABVCVect3@@000@Z 0040f9d0 f   PSINS.obj
 0001:0000ea90       ?set@CRAvar@@QAEXABVCVect@@000@Z 0040fa90 f   PSINS.obj
 0001:0000eb60       ?Update@CRAvar@@QAEXNNH@Z  0040fb60 f   PSINS.obj
 0001:0000ed60       ?Update@CRAvar@@QAEXABVCVect3@@N@Z 0040fd60 f   PSINS.obj
 0001:0000ede0       ?Update@CRAvar@@QAEXABVCVect@@N@Z 0040fde0 f   PSINS.obj
 0001:0000ee60       ??RCRAvar@@QBENH@Z         0040fe60 f   PSINS.obj
 0001:0000eee0       ??0CVAR@@QAE@HN@Z          0040fee0 f   PSINS.obj
 0001:0000efa0       ?Update@CVAR@@QAENNH@Z     0040ffa0 f   PSINS.obj
 0001:0000f120       ??0CVARn@@QAE@XZ           00410120 f   PSINS.obj
 0001:0000f160       ??0CVARn@@QAE@HH@Z         00410160 f   PSINS.obj
 0001:0000f2e0       ??1CVARn@@QAE@XZ           004102e0 f   PSINS.obj
 0001:0000f340       ?Reset@CVARn@@QAEXXZ       00410340 f   PSINS.obj
 0001:0000f3d0       ?Update@CVARn@@QAEHPBN@Z   004103d0 f   PSINS.obj
 0001:0000f610       ?Update@CVARn@@QAAHNZZ     00410610 f   PSINS.obj
 0001:0000f6a0       ??0CContLarge@@QAE@XZ      004106a0 f   PSINS.obj
 0001:0000f6d0       ??0CContLarge@@QAE@NNH@Z   004106d0 f   PSINS.obj
 0001:0000f740       ?Update@CContLarge@@QAEHNN@Z 00410740 f   PSINS.obj
 0001:0000f800       ??0CAbnomalCnt@@QAE@XZ     00410800 f   PSINS.obj
 0001:0000f830       ??0CAbnomalCnt@@QAE@HNNN@Z 00410830 f   PSINS.obj
 0001:0000f8e0       ?Update@CAbnomalCnt@@QAEHNN@Z 004108e0 f   PSINS.obj
 0001:0000f9a0       ??0CWzhold@@QAE@XZ         004109a0 f   PSINS.obj
 0001:0000f9d0       ?Init@CWzhold@@QAEXNNNH@Z  004109d0 f   PSINS.obj
 0001:0000fa90       ?Reset@CWzhold@@QAEXXZ     00410a90 f   PSINS.obj
 0001:0000fb00       ?Update@CWzhold@@QAEHN@Z   00410b00 f   PSINS.obj
 0001:0000fe40       ??0CMaxMin@@QAE@HHM@Z      00410e40 f   PSINS.obj
 0001:0000fe90       ?Init@CMaxMin@@QAEXHHM@Z   00410e90 f   PSINS.obj
 0001:0000ffc0       ?Restart@CMaxMin@@QAEXXZ   00410fc0 f   PSINS.obj
 0001:00010010       ?Update@CMaxMin@@QAEHM@Z   00411010 f   PSINS.obj
 0001:000101f0       ??0CMaxMinn@@QAE@HHHM@Z    004111f0 f   PSINS.obj
 0001:00010250       ??_FCMaxMin@@QAEXXZ        00411250 f i PSINS.obj
 0001:00010290       ?Init@CMaxMinn@@QAEXHHHM@Z 00411290 f   PSINS.obj
 0001:00010330       ?Restart@CMaxMinn@@QAEXXZ  00411330 f   PSINS.obj
 0001:000103a0       ?Update@CMaxMinn@@QAAHMZZ  004113a0 f   PSINS.obj
 0001:00010440       ?Update@CMaxMinn@@QAEHABVCVect3@@@Z 00411440 f   PSINS.obj
 0001:000104d0       ?Update@CMaxMinn@@QAEHABVCVect3@@0@Z 004114d0 f   PSINS.obj
 0001:000105b0       ?Update@CMaxMinn@@QAEHABVCVect3@@00@Z 004115b0 f   PSINS.obj
 0001:000106e0       ?Update@CMaxMinn@@QAEHABVCVect3@@000@Z 004116e0 f   PSINS.obj
 0001:00010860       ?Update@CMaxMinn@@QAEHABVCVect3@@0000@Z 00411860 f   PSINS.obj
 0001:00010a40       ?ResFloat@CMaxMinn@@QAEMHH@Z 00411a40 f   PSINS.obj
 0001:00010ac0       ?ResVect3@CMaxMinn@@QAE?AVCVect3@@HH@Z 00411ac0 f   PSINS.obj
 0001:00010c90       ??0CKalman@@QAE@XZ         00411c90 f   PSINS.obj
 0001:00010ef0       ??0CKalman@@QAE@HH@Z       00411ef0 f   PSINS.obj
 0001:00011170       ?Init@CKalman@@QAEXHH@Z    00412170 f   PSINS.obj
 0001:00011760       ?SetRmmbt@CKalman@@QAEXNNNN@Z 00412760 f   PSINS.obj
 0001:00011860       ?SetRmaxcount@CKalman@@QAEXH@Z 00412860 f   PSINS.obj
 0001:000118d0       ?SetInnoMaxcount@CKalman@@QAEXH@Z 004128d0 f   PSINS.obj
 0001:00011940       ?SetZmm@CKalman@@QAEXHHNH@Z 00412940 f   PSINS.obj
 0001:000119c0       ?SetZmmVn@CKalman@@QAEXABVCVect3@@H@Z 004129c0 f   PSINS.obj
 0001:00011a40       ?SetZmmPos@CKalman@@QAEXABVCVect3@@H@Z 00412a40 f   PSINS.obj
 0001:00011ac0       ?TimeUpdate@CKalman@@QAEXNH@Z 00412ac0 f   PSINS.obj
 0001:00011ce0       ?SetMeasFlag@CKalman@@QAEXIH@Z 00412ce0 f   PSINS.obj
 0001:00011d50       ?SetMeasMask@CKalman@@QAEXIH@Z 00412d50 f   PSINS.obj
 0001:00011e10       ?SetMeasStop@CKalman@@QAEXIN@Z 00412e10 f   PSINS.obj
 0001:00011eb0       ?SetRadptStop@CKalman@@QAEXIN@Z 00412eb0 f   PSINS.obj
 0001:00011f00       ?MeasUpdate@CKalman@@QAEHN@Z 00412f00 f   PSINS.obj
 0001:000122a0       ?MeasUD@@YAXQAN0QBNN0H@Z   004132a0 f   PSINS.obj
 0001:000125d0       ?RAdaptive@CKalman@@QAEHHNN@Z 004135d0 f   PSINS.obj
 0001:000127f0       ?RPkFading@CKalman@@QAEXH@Z 004137f0 f   PSINS.obj
 0001:000128e0       ?ZmmPkSet@CKalman@@QAEXH@Z 004138e0 f   PSINS.obj
 0001:000129b0       ?XPConstrain@CKalman@@QAEXXZ 004139b0 f   PSINS.obj
 0001:00012cf0       ?PmaxPminCheck@CKalman@@QAEXXZ 00413cf0 f   PSINS.obj
 0001:00012df0       ?Feedback@CKalman@@UAEXHN@Z 00413df0 f   PSINS.obj
 0001:00013040       ?FeedbackAll@CKalman@@QAEXXZ 00414040 f   PSINS.obj
 0001:00013120       ?RtFading@CKalman@@QAEXHN@Z 00414120 f   PSINS.obj
 0001:00013270       ?fusion@@YAXPAN0PBN1H00@Z  00414270 f   PSINS.obj
 0001:00013420       ?fusion@@YAXAAVCVect3@@0V1@1@Z 00414420 f   PSINS.obj
 0001:00013470       ?fusion@@YAXAAVCVect3@@0V1@100@Z 00414470 f   PSINS.obj
 0001:000134c0       ??0CSINSTDKF@@QAE@XZ       004144c0 f   PSINS.obj
 0001:000135a0       ??0CSINSTDKF@@QAE@HH@Z     004145a0 f   PSINS.obj
 0001:000136c0       ?Init@CSINSTDKF@@QAEXABVCSINS@@@Z 004146c0 f   PSINS.obj
 0001:000138e0       ?TDReset@CSINSTDKF@@QAEXXZ 004148e0 f   PSINS.obj
 0001:00013950       ?Innovationi@CSINSTDKF@@QAENH@Z 00414950 f   PSINS.obj
 0001:00013a00       ?TDUpdate@CSINSTDKF@@QAEHPBVCVect3@@0HNH@Z 00414a00 f   PSINS.obj
 0001:00014820       ?MeasUpdate@CSINSTDKF@@QAEXABVCVect@@NN@Z 00415820 f   PSINS.obj
 0001:000149e0       ?MarkovGyro@CSINSTDKF@@QAEXABVCVect3@@0H@Z 004159e0 f   PSINS.obj
 0001:00014a60       ?MarkovAcc@CSINSTDKF@@QAEXABVCVect3@@0H@Z 00415a60 f   PSINS.obj
 0001:00014ae0       ?SetYaw@CSINSTDKF@@QAEXNHH@Z 00415ae0 f   PSINS.obj
 0001:00014ce0       ?PSetVertCh@CSINSTDKF@@QAEXNNN@Z 00415ce0 f   PSINS.obj
 0001:00014dc0       ?SetCalcuBurden@CSINSTDKF@@QAENIH@Z 00415dc0 f   PSINS.obj
 0001:00014f40       ??0CSINSGNSS@@QAE@XZ       00415f40 f   PSINS.obj
 0001:00014fa0       ??0CSINSGNSS@@QAE@HHNH@Z   00415fa0 f   PSINS.obj
 0001:000151e0       ?Init@CSINSGNSS@@QAEXABVCSINS@@H@Z 004161e0 f   PSINS.obj
 0001:00016580       ?SetFt@CSINSGNSS@@UAEXH@Z  00417580 f   PSINS.obj
 0001:000169d0       ?SetHk@CSINSGNSS@@UAEXH@Z  004179d0 f   PSINS.obj
 0001:00016b30       ?Feedback@CSINSGNSS@@UAEXHN@Z 00417b30 f   PSINS.obj
 0001:00016f10       ?SetMeasGNSS@CSINSGNSS@@QAEXABVCVect3@@0N@Z 00417f10 f   PSINS.obj
 0001:000170e0       ?MeasGNSSZvStop@CSINSGNSS@@QAEXAAVCVect3@@N@Z 004180e0 f   PSINS.obj
 0001:000171a0       ?MeasGNSSZpStop@CSINSGNSS@@QAEXAAVCVect3@@N@Z 004181a0 f   PSINS.obj
 0001:00017260       ?MeasGNSSZp2X@CSINSGNSS@@QAEXAAVCVect3@@@Z 00418260 f   PSINS.obj
 0001:00017320       ?Leveling@CSINSGNSS@@QAEXXZ 00418320 f   PSINS.obj
 0001:000173e0       ?Update@CSINSGNSS@@QAEHPBVCVect3@@0HNH@Z 004183e0 f   PSINS.obj
 0001:00017470       ??6CSINSGNSS@@QAEXAAVCFileRdWt@@@Z 00418470 f   PSINS.obj
 0001:00017570       ??0CSysClbt@@QAE@ABVCVect3@@N@Z 00418570 f   PSINS.obj
 0001:00017690       ?SetHk@CSysClbt@@UAEXH@Z   00418690 f i PSINS.obj
 0001:000176c0       ?SetMeas@CSysClbt@@UAEXXZ  004186c0 f i PSINS.obj
 0001:000176f0       ?Init@CSysClbt@@QAEXNABVCMat3@@ABVCVect3@@1@Z 004186f0 f   PSINS.obj
 0001:00017c10       ?NextIter@CSysClbt@@QAEXXZ 00418c10 f   PSINS.obj
 0001:00018010       ?SetFt@CSysClbt@@UAEXH@Z   00419010 f   PSINS.obj
 0001:000183d0       ?Feedback@CSysClbt@@UAEXHN@Z 004193d0 f   PSINS.obj
 0001:00018600       ?Update@CSysClbt@@QAEHPBVCVect3@@0HN@Z 00419600 f   PSINS.obj
 0001:00018700       ?Log@CSysClbt@@QAEXXZ      00419700 f   PSINS.obj
 0001:000188b0       ??0CPOS618@@QAE@XZ         004198b0 f   PSINS.obj
 0001:00018950       ??0CPOS618@@QAE@NNH@Z      00419950 f   PSINS.obj
 0001:00018b90       ??1CPOS618@@QAE@XZ         00419b90 f   PSINS.obj
 0001:00018d80       ??_GCRMemory@@QAEPAXI@Z    00419d80 f i PSINS.obj
 0001:00018de0       ??_GCSmooth@@QAEPAXI@Z     00419de0 f i PSINS.obj
 0001:00018e40       ??_GCFileRdWt@@QAEPAXI@Z   00419e40 f i PSINS.obj
 0001:00018ea0       ?Load@CPOS618@@QAEHPADNN@Z 00419ea0 f   PSINS.obj
 0001:00019310       ?Init@CPOS618@@QAEXNABVCVect3@@@Z 0041a310 f   PSINS.obj
 0001:000197d0       ?Forward@CPOS618@@QAEXXZ   0041a7d0 f   PSINS.obj
 0001:00019b70       ?Backward@CPOS618@@QAEXXZ  0041ab70 f   PSINS.obj
 0001:0001a060       ?Reverse@CPOS618@@QAEXXZ   0041b060 f   PSINS.obj
 0001:0001a290       ?Smooth@CPOS618@@QAEXXZ    0041b290 f   PSINS.obj
 0001:0001a2c0       ?Process@CPOS618@@QAEXPADH@Z 0041b2c0 f   PSINS.obj
 0001:0001a3a0       ??0CSINSGNSSCNS@@QAE@XZ    0041b3a0 f   PSINS.obj
 0001:0001a400       ??0CSINSGNSSCNS@@QAE@N@Z   0041b400 f   PSINS.obj
 0001:0001a4d0       ?SetCNS@CSINSGNSSCNS@@QAEXHHHNNN@Z 0041b4d0 f   PSINS.obj
 0001:0001a570       ?Init@CSINSGNSSCNS@@QAEXABVCSINS@@H@Z 0041b570 f   PSINS.obj
 0001:0001a960       ?SetHk@CSINSGNSSCNS@@UAEXH@Z 0041b960 f   PSINS.obj
 0001:0001aa10       ?Feedback@CSINSGNSSCNS@@UAEXHN@Z 0041ba10 f   PSINS.obj
 0001:0001aaa0       ?SetMeasCNS@CSINSGNSSCNS@@QAEXAAVCQuat@@@Z 0041baa0 f   PSINS.obj
 0001:0001ab90       ?SetMeasCNS@CSINSGNSSCNS@@QAEXAAVCVect3@@@Z 0041bb90 f   PSINS.obj
 0001:0001ac50       ??0CSINSGNSSDR@@QAE@XZ     0041bc50 f   PSINS.obj
 0001:0001acd0       ?SetHk@CSINSGNSSDR@@UAEXH@Z 0041bcd0 f i PSINS.obj
 0001:0001ad00       ??0CSINSGNSSDR@@QAE@N@Z    0041bd00 f   PSINS.obj
 0001:0001ae90       ?Init@CSINSGNSSDR@@QAEXABVCSINS@@H@Z 0041be90 f   PSINS.obj
 0001:0001b4a0       ?SetFt@CSINSGNSSDR@@UAEXH@Z 0041c4a0 f   PSINS.obj
 0001:0001b630       ?Feedback@CSINSGNSSDR@@UAEXHN@Z 0041c630 f   PSINS.obj
 0001:0001b720       ?SetMeas@CSINSGNSSDR@@UAEXXZ 0041c720 f   PSINS.obj
 0001:0001b7b0       ?SetMeasGNSS@CSINSGNSSDR@@QAEXABVCVect3@@0N@Z 0041c7b0 f   PSINS.obj
 0001:0001b9f0       ?Update@CSINSGNSSDR@@QAEHPBVCVect3@@0NHNH@Z 0041c9f0 f   PSINS.obj
 0001:0001bb50       ??0CSINSGNSSOD@@QAE@XZ     0041cb50 f   PSINS.obj
 0001:0001bc50       ?SetMeas@CSINSGNSSOD@@UAEXXZ 0041cc50 f i PSINS.obj
 0001:0001bc80       ??0CSINSGNSSOD@@QAE@HHNH@Z 0041cc80 f   PSINS.obj
 0001:0001be90       ?Init@CSINSGNSSOD@@QAEXABVCSINS@@H@Z 0041ce90 f   PSINS.obj
 0001:0001bf20       ?SetDistance@CSINSGNSSOD@@QAEXN@Z 0041cf20 f   PSINS.obj
 0001:0001bfe0       ?ODKappa@CSINSGNSSOD@@QAE?AVCVect3@@ABV2@@Z 0041cfe0 f   PSINS.obj
 0001:0001c0e0       ?ODVelUpdate@CSINSGNSSOD@@QAEHN@Z 0041d0e0 f   PSINS.obj
 0001:0001c790       ?Update@CSINSGNSSOD@@QAEHPBVCVect3@@0NHNH@Z 0041d790 f   PSINS.obj
 0001:0001c830       ??6CSINSGNSSOD@@QAEXAAVCFileRdWt@@@Z 0041d830 f   PSINS.obj
 0001:0001c9a0       ??0CAutoDrive@@QAE@XZ      0041d9a0 f   PSINS.obj
 0001:0001ca10       ?SetMeas@CAutoDrive@@UAEXXZ 0041da10 f i PSINS.obj
 0001:0001ca40       ??0CAutoDrive@@QAE@N@Z     0041da40 f   PSINS.obj
 0001:0001cc10       ?Init@CAutoDrive@@QAEXABVCSINS@@H@Z 0041dc10 f   PSINS.obj
 0001:0001d0f0       ?SetFt@CAutoDrive@@UAEXH@Z 0041e0f0 f   PSINS.obj
 0001:0001d130       ?SetHk@CAutoDrive@@UAEXH@Z 0041e130 f   PSINS.obj
 0001:0001d160       ?Feedback@CAutoDrive@@UAEXHN@Z 0041e160 f   PSINS.obj
 0001:0001d230       ?ZUPTtest@CAutoDrive@@QAEXXZ 0041e230 f   PSINS.obj
 0001:0001d330       ?ZIHRtest@CAutoDrive@@QAEXXZ 0041e330 f   PSINS.obj
 0001:0001d430       ?NHCtest@CAutoDrive@@QAEXXZ 0041e430 f   PSINS.obj
 0001:0001d580       ?SetGNSSFixMode@CAutoDrive@@QAEXH@Z 0041e580 f   PSINS.obj
 0001:0001d750       ?Update@CAutoDrive@@QAEHPBVCVect3@@0NHNH@Z 0041e750 f   PSINS.obj
 0001:0001d8e0       ??0CSGOClbt@@QAE@N@Z       0041e8e0 f   PSINS.obj
 0001:0001d9b0       ?Init@CSGOClbt@@QAEXABVCSINS@@H@Z 0041e9b0 f   PSINS.obj
 0001:0001df00       ?SetFt@CSGOClbt@@UAEXH@Z   0041ef00 f   PSINS.obj
 0001:0001df70       ?SetHk@CSGOClbt@@UAEXH@Z   0041ef70 f   PSINS.obj
 0001:0001e030       ?Feedback@CSGOClbt@@UAEXHN@Z 0041f030 f   PSINS.obj
 0001:0001e170       ?Update@CSGOClbt@@QAEHPBVCVect3@@0NHNH@Z 0041f170 f   PSINS.obj
 0001:0001e250       ??0CVAutoPOS@@QAE@XZ       0041f250 f   PSINS.obj
 0001:0001e2a0       ??0CVAutoPOS@@QAE@N@Z      0041f2a0 f   PSINS.obj
 0001:0001e300       ?Init@CVAutoPOS@@UAEXABVCSINS@@H@Z 0041f300 f   PSINS.obj
 0001:0001e5a0       ?SetFt@CVAutoPOS@@UAEXH@Z  0041f5a0 f   PSINS.obj
 0001:0001e5e0       ?SetHk@CVAutoPOS@@UAEXH@Z  0041f5e0 f   PSINS.obj
 0001:0001e610       ?Feedback@CVAutoPOS@@UAEXHN@Z 0041f610 f   PSINS.obj
 0001:0001e6e0       ?Update@CVAutoPOS@@QAEHPBVCVect3@@0NHNH@Z 0041f6e0 f   PSINS.obj
 0001:0001e7c0       ?Init@CCAM@@QAEXABVCVect3@@0NN@Z 0041f7c0 f   PSINS.obj
 0001:0001e890       ?Init@CCAM@@QAEXABVCVect3@@NN@Z 0041f890 f   PSINS.obj
 0001:0001e900       ?Update@CCAM@@QAEXNNNN@Z   0041f900 f   PSINS.obj
 0001:0001ea00       ?Update@CCAM@@QAEXNN@Z     0041fa00 f   PSINS.obj
 0001:0001ec60       ?Init@CCALLH@@QAEXAAVCSINS@@ABVCVect3@@@Z 0041fc60 f   PSINS.obj
 0001:0001ee30       ?Update@CCALLH@@QAEXABVCSINS@@ABVCVect3@@1@Z 0041fe30 f   PSINS.obj
 0001:0001f020       ?Update@CCALLH@@QAEXABVCVect3@@0@Z 00420020 f   PSINS.obj
 0001:0001f0d0       ?OutLLH@CCALLH@@QAEXXZ     004200d0 f   PSINS.obj
 0001:0001f2d0       ??0CEarth@@QAE@NNN@Z       004202d0 f   PSINS.obj
 0001:0001f430       ?Update@CEarth@@QAEXABVCVect3@@0H@Z 00420430 f   PSINS.obj
 0001:0001f7f0       ?vn2dpos@CEarth@@QBE?AVCVect3@@ABV2@N@Z 004207f0 f   PSINS.obj
 0001:0001f880       ??0CIMU@@QAE@XZ            00420880 f   PSINS.obj
 0001:0001fe60       ?Reset@CIMU@@QAEXXZ        00420e60 f   PSINS.obj
 0001:0001ff20       ?SetRFU@CIMU@@QAEXPBD@Z    00420f20 f   PSINS.obj
 0001:0001ff90       ?SetSf@CIMU@@QAEXABVCVect3@@0@Z 00420f90 f   PSINS.obj
 0001:0001fff0       ?SetTemp@CIMU@@QAEXPANH@Z  00420ff0 f   PSINS.obj
 0001:000200c0       ?SetKga@CIMU@@QAEXABVCMat3@@VCVect3@@0ABV3@@Z 004210c0 f   PSINS.obj
 0001:00020140       ?SetgSens@CIMU@@QAEXABVCMat3@@00@Z 00421140 f   PSINS.obj
 0001:000201f0       ?SetKa2@CIMU@@QAEXABVCVect3@@@Z 004211f0 f   PSINS.obj
 0001:00020240       ?SetLvtGA@CIMU@@QAEXABVCVect3@@00N@Z 00421240 f   PSINS.obj
 0001:000202d0       ?SetCba@CIMU@@QAEXABVCMat3@@@Z 004212d0 f   PSINS.obj
 0001:000205b0       ?GetMeanwf@CIMU@@QAENAAVCVect3@@0H@Z 004215b0 f   PSINS.obj
 0001:000206b0       ?Update@CIMU@@QAENPBVCVect3@@0HN@Z 004216b0 f   PSINS.obj
 0001:00021660       ?IMURFU@@YAXPAVCVect3@@HPBD@Z 00422660 f   PSINS.obj
 0001:000217c0       ?IMURFU@@YAXPAVCVect3@@0HPBD@Z 004227c0 f   PSINS.obj
 0001:00021820       ?IMUStatic@@YAXAAVCVect3@@000N@Z 00422820 f   PSINS.obj
 0001:00021950       ?lsclbt@@YA?AVCMat@@AAV1@0@Z 00422950 f   PSINS.obj
 0001:00021c20       ??0CSINS@@QAE@NABVCVect3@@N@Z 00422c20 f   PSINS.obj
 0001:00021fa0       ??0CSINS@@QAE@ABVCVect3@@00N@Z 00422fa0 f   PSINS.obj
 0001:00022310       ??0CSINS@@QAE@ABVCQuat@@ABVCVect3@@1N@Z 00423310 f   PSINS.obj
 0001:00022670       ?Init@CSINS@@QAEXABVCVect3@@00N@Z 00423670 f   PSINS.obj
 0001:000226d0       ?Init@CSINS@@QAEXABVCQuat@@ABVCVect3@@1N@Z 004236d0 f   PSINS.obj
 0001:00022be0       ?SetTauGA@CSINS@@QAEXABVCVect3@@0@Z 00423be0 f   PSINS.obj
 0001:00022e00       ?Update@CSINS@@QAEXPBVCVect3@@0HN@Z 00423e00 f   PSINS.obj
 0001:00023f00       ?Extrap@CSINS@@QAEXABVCVect3@@0N@Z 00424f00 f   PSINS.obj
 0001:000240c0       ?Extrap@CSINS@@QAEXN@Z     004250c0 f   PSINS.obj
 0001:00024240       ?lever@CSINS@@QAEXABVCVect3@@PAV2@1@Z 00425240 f   PSINS.obj
 0001:00024480       ?etm@CSINS@@QAEXXZ         00425480 f   PSINS.obj
 0001:000249b0       ?AddErr@CSINS@@QAEXABVCVect3@@00@Z 004259b0 f   PSINS.obj
 0001:00024a60       ?AddErr@CSINS@@QAEXNABVCVect3@@0@Z 00425a60 f   PSINS.obj
 0001:00024ac0       ?leveling@CSINS@@QAEXH@Z   00425ac0 f   PSINS.obj
 0001:00024c10       ?DebugStop@CSINS@@QAEXNHH@Z 00425c10 f   PSINS.obj
 0001:00024cd0       ??0CDR@@QAE@XZ             00425cd0 f   PSINS.obj
 0001:00024d90       ?Init@CDR@@QAEXABVCSINS@@ABVCVect3@@@Z 00425d90 f   PSINS.obj
 0001:00024e20       ?Init@CDR@@QAEXABVCVect3@@00N@Z 00425e20 f   PSINS.obj
 0001:00024fc0       ?Update@CDR@@QAEXABVCVect3@@NN@Z 00425fc0 f   PSINS.obj
 0001:00025250       ??0CCNS@@QAE@XZ            00426250 f   PSINS.obj
 0001:000253c0       ?SetdT@CCNS@@QAEXNN@Z      004263c0 f   PSINS.obj
 0001:00025420       ?Setxyp@CCNS@@QAEXNN@Z     00426420 f   PSINS.obj
 0001:00025510       ?JD@CCNS@@QAENHHHN@Z       00426510 f   PSINS.obj
 0001:000255e0       ?Precmat@CCNS@@QAE?AVCMat3@@N@Z 004265e0 f   PSINS.obj
 0001:00025710       ?Equinox@CCNS@@QAEXN@Z     00426710 f   PSINS.obj
 0001:00025920       ?Nutmat@CCNS@@QAE?AVCMat3@@N@Z 00426920 f   PSINS.obj
 0001:00025a10       ?GAST@CCNS@@QAENNN@Z       00426a10 f   PSINS.obj
 0001:00025b60       ?GetCie@CCNS@@QAE?AVCMat3@@NN@Z 00426b60 f   PSINS.obj
 0001:00025ce0       ?GetCns@CCNS@@QAE?AVCMat3@@ABVCQuat@@ABVCVect3@@NABV2@@Z 00426ce0 f   PSINS.obj
 0001:00025e30       ??0CAVPInterp@@QAE@XZ      00426e30 f   PSINS.obj
 0001:00025ed0       ?Init@CAVPInterp@@QAEXABVCSINS@@NHH@Z 00426ed0 f   PSINS.obj
 0001:00025f70       ?Init@CAVPInterp@@QAEXABVCVect3@@00NH@Z 00426f70 f   PSINS.obj
 0001:00026060       ?Push@CAVPInterp@@QAEXABVCSINS@@H@Z 00427060 f   PSINS.obj
 0001:000260f0       ?Push@CAVPInterp@@QAEXABVCVect3@@00@Z 004270f0 f   PSINS.obj
 0001:000261a0       ?Interp@CAVPInterp@@QAEHNH@Z 004271a0 f   PSINS.obj
 0001:000265d0       ?timestr@@YAPADHPAD@Z      004275d0 f   PSINS.obj
 0001:00026680       ?time2fname@@YAPADXZ       00427680 f   PSINS.obj
 0001:000266d0       ?DirI@CFileRdWt@@SAXPBD@Z  004276d0 f   PSINS.obj
 0001:00026760       ?DirO@CFileRdWt@@SAXPBD@Z  00427760 f   PSINS.obj
 0001:000267f0       ?Dir@CFileRdWt@@SAXPBD0@Z  004277f0 f   PSINS.obj
 0001:00026850       ??0CFileRdWt@@QAE@XZ       00427850 f   PSINS.obj
 0001:00026880       ??0CFileRdWt@@QAE@PBDH@Z   00427880 f   PSINS.obj
 0001:000268f0       ??1CFileRdWt@@QAE@XZ       004278f0 f   PSINS.obj
 0001:00026940       ?Init@CFileRdWt@@QAEXPBDH@Z 00427940 f   PSINS.obj
 0001:00026d30       ?load@CFileRdWt@@QAEHHH@Z  00427d30 f   PSINS.obj
 0001:00027200       ?loadf32@CFileRdWt@@QAEHH@Z 00428200 f   PSINS.obj
 0001:000272f0       ?load@CFileRdWt@@QAEJPAEJ@Z 004282f0 f   PSINS.obj
 0001:000273a0       ?bwseek@CFileRdWt@@QAEXHH@Z 004283a0 f   PSINS.obj
 0001:00027410       ?filesize@CFileRdWt@@QAEJH@Z 00428410 f   PSINS.obj
 0001:000274e0       ?getl@CFileRdWt@@QAEHXZ    004284e0 f   PSINS.obj
 0001:00027540       ?savepos@CFileRdWt@@QAEJH@Z 00428540 f   PSINS.obj
 0001:000275d0       ?restorepos@CFileRdWt@@QAEHH@Z 004285d0 f   PSINS.obj
 0001:00027650       ?waitfor@CFileRdWt@@QAEHHNN@Z 00428650 f   PSINS.obj
 0001:000276f0       ??6CFileRdWt@@QAEAAV0@N@Z  004286f0 f   PSINS.obj
 0001:00027740       ??6CFileRdWt@@QAEAAV0@ABVCVect3@@@Z 00428740 f   PSINS.obj
 0001:00027790       ??6CFileRdWt@@QAEAAV0@ABVCQuat@@@Z 00428790 f   PSINS.obj
 0001:000277e0       ??6CFileRdWt@@QAEAAV0@ABVCMat3@@@Z 004287e0 f   PSINS.obj
 0001:00027830       ??6CFileRdWt@@QAEAAV0@ABVCVect@@@Z 00428830 f   PSINS.obj
 0001:00027890       ??6CFileRdWt@@QAEAAV0@ABVCMat@@@Z 00428890 f   PSINS.obj
 0001:000278f0       ??6CFileRdWt@@QAEAAV0@ABVCRAvar@@@Z 004288f0 f   PSINS.obj
 0001:00027950       ??6CFileRdWt@@QAEAAV0@ABVCMaxMinn@@@Z 00428950 f   PSINS.obj
 0001:00027a60       ??6CFileRdWt@@QAEAAV0@ABVCAligni0@@@Z 00428a60 f   PSINS.obj
 0001:00027af0       ??6CFileRdWt@@QAEAAV0@ABVCPolyfit@@@Z 00428af0 f   PSINS.obj
 0001:00027b60       ??6CFileRdWt@@QAEAAV0@ABVCPolyfit3@@@Z 00428b60 f   PSINS.obj
 0001:00027bd0       ??6CFileRdWt@@QAEAAV0@ABVCIMU@@@Z 00428bd0 f   PSINS.obj
 0001:00027c40       ??6CFileRdWt@@QAEAAV0@ABVCSINS@@@Z 00428c40 f   PSINS.obj
 0001:00027d50       ??6CFileRdWt@@QAEAAV0@ABVCDR@@@Z 00428d50 f   PSINS.obj
 0001:00027dd0       ??6CFileRdWt@@QAEAAV0@ABVCRMemory@@@Z 00428dd0 f   PSINS.obj
 0001:00027e20       ??6CFileRdWt@@QAEAAV0@AAVCKalman@@@Z 00428e20 f   PSINS.obj
 0001:00027f00       ??5CFileRdWt@@QAEAAV0@AAN@Z 00428f00 f   PSINS.obj
 0001:00027f50       ??5CFileRdWt@@QAEAAV0@AAVCVect3@@@Z 00428f50 f   PSINS.obj
 0001:00027fa0       ??5CFileRdWt@@QAEAAV0@AAVCQuat@@@Z 00428fa0 f   PSINS.obj
 0001:00027ff0       ??5CFileRdWt@@QAEAAV0@AAVCMat3@@@Z 00428ff0 f   PSINS.obj
 0001:00028040       ??5CFileRdWt@@QAEAAV0@AAVCVect@@@Z 00429040 f   PSINS.obj
 0001:000280a0       ??5CFileRdWt@@QAEAAV0@AAVCMat@@@Z 004290a0 f   PSINS.obj
 0001:00028100       ??0CFileList@@QAE@PBD000@Z 00429100 f   PSINS.obj
 0001:00028340       ?NextFile@CFileList@@QAEPADXZ 00429340 f   PSINS.obj
 0001:00028650       ??1CFileList@@QAE@XZ       00429650 f   PSINS.obj
 0001:00028720       ??0CFileLog@@QAE@XZ        00429720 f   PSINS.obj
 0001:00028790       ?LogSet@CFileLog@@QAEAAV1@HPBD@Z 00429790 f   PSINS.obj
 0001:000288b0       ??1CFileLog@@QAE@XZ        004298b0 f   PSINS.obj
 0001:00028920       ?LogDate@CFileLog@@QAEAAV1@H@Z 00429920 f   PSINS.obj
 0001:000289b0       ?LogRunTime@CFileLog@@QAEAAV1@H@Z 004299b0 f   PSINS.obj
 0001:00028a30       ??6CFileLog@@QAEAAV0@PBD@Z 00429a30 f   PSINS.obj
 0001:00028a90       ??6CFileLog@@QAEAAV0@H@Z   00429a90 f   PSINS.obj
 0001:00028af0       ??6CFileLog@@QAEAAV0@M@Z   00429af0 f   PSINS.obj
 0001:00028b60       ??6CFileLog@@QAEAAV0@N@Z   00429b60 f   PSINS.obj
 0001:00028bc0       ??6CFileLog@@QAEAAV0@ABVCVect3@@@Z 00429bc0 f   PSINS.obj
 0001:00028c40       ??6CFileLog@@QAEAAV0@ABVCQuat@@@Z 00429c40 f   PSINS.obj
 0001:00028cd0       ??6CFileLog@@QAEAAV0@ABVCVect@@@Z 00429cd0 f   PSINS.obj
 0001:00028d60       ??6CFileLog@@QAEAAV0@ABVCMat3@@@Z 00429d60 f   PSINS.obj
 0001:00028e50       ??6CFileLog@@QAEAAV0@ABVCMat@@@Z 00429e50 f   PSINS.obj
 0001:00028f30       ?CMArray@CFileLog@@QAEAAV1@PBDPBNHHN0@Z 00429f30 f   PSINS.obj
 0001:00028fd0       ?CArray@CFileLog@@QAEAAV1@PBDPBNHHN0@Z 00429fd0 f   PSINS.obj
 0001:00029230       ?MArray@CFileLog@@QAEAAV1@PBDPBNHHN0@Z 0042a230 f   PSINS.obj
 0001:000293c0       ?Flush@CFileLog@@QAEXH@Z   0042a3c0 f   PSINS.obj
 0001:00029430       ??0CFileCfg@@QAE@XZ        0042a430 f   PSINS.obj
 0001:00029470       ??1CFileCfg@@QAE@XZ        0042a470 f   PSINS.obj
 0001:000294d0       ??6CFileCfg@@QAEAAV0@PBD@Z 0042a4d0 f   PSINS.obj
 0001:00029580       ??5CFileCfg@@QAEAAV0@PBD@Z 0042a580 f   PSINS.obj
 0001:00029650       ??6CFileCfg@@QAEAAV0@F@Z   0042a650 f   PSINS.obj
 0001:000296a0       ??6CFileCfg@@QAEAAV0@H@Z   0042a6a0 f   PSINS.obj
 0001:000296f0       ??6CFileCfg@@QAEAAV0@M@Z   0042a6f0 f   PSINS.obj
 0001:00029740       ??6CFileCfg@@QAEAAV0@N@Z   0042a740 f   PSINS.obj
 0001:00029790       ??6CFileCfg@@QAEAAV0@ABVCVect3@@@Z 0042a790 f   PSINS.obj
 0001:000297e0       ??6CFileCfg@@QAEAAV0@ABVCQuat@@@Z 0042a7e0 f   PSINS.obj
 0001:00029830       ??6CFileCfg@@QAEAAV0@ABVCMat3@@@Z 0042a830 f   PSINS.obj
 0001:00029880       ??6CFileCfg@@QAEAAV0@ABVCMat@@@Z 0042a880 f   PSINS.obj
 0001:000298e0       ??5CFileCfg@@QAEAAV0@AAF@Z 0042a8e0 f   PSINS.obj
 0001:00029950       ??5CFileCfg@@QAEAAV0@AAH@Z 0042a950 f   PSINS.obj
 0001:000299c0       ??5CFileCfg@@QAEAAV0@AAM@Z 0042a9c0 f   PSINS.obj
 0001:00029a40       ??5CFileCfg@@QAEAAV0@AAN@Z 0042aa40 f   PSINS.obj
 0001:00029ad0       ??5CFileCfg@@QAEAAV0@AAVCVect3@@@Z 0042aad0 f   PSINS.obj
 0001:00029b60       ??5CFileCfg@@QAEAAV0@AAVCQuat@@@Z 0042ab60 f   PSINS.obj
 0001:00029c00       ??5CFileCfg@@QAEAAV0@AAVCMat3@@@Z 0042ac00 f   PSINS.obj
 0001:00029ca0       ??4CFileCfg@@QAEAAV0@AAV0@@Z 0042aca0 f   PSINS.obj
 0001:00029ce0       ?WriteCfg@@YA?AVCFileCfg@@PBD0@Z 0042ace0 f   PSINS.obj
 0001:00029dc0       ?ReadCfg@@YA?AVCFileCfg@@PBD0@Z 0042adc0 f   PSINS.obj
 0001:00029ea0       ??0CRMemory@@QAE@XZ        0042aea0 f   PSINS.obj
 0001:00029ed0       ??0CRMemory@@QAE@JH@Z      0042aed0 f   PSINS.obj
 0001:00029f70       ??0CRMemory@@QAE@PAEJH@Z   0042af70 f   PSINS.obj
 0001:0002a000       ??1CRMemory@@QAE@XZ        0042b000 f   PSINS.obj
 0001:0002a050       ?pop@CRMemory@@QAEEPAE@Z   0042b050 f   PSINS.obj
 0001:0002a140       ?get@CRMemory@@QAEPAEH@Z   0042b140 f   PSINS.obj
 0001:0002a180       ?set@CRMemory@@QAEPAEHPBE@Z 0042b180 f   PSINS.obj
 0001:0002a220       ?push@CRMemory@@QAEHPBE@Z  0042b220 f   PSINS.obj
 0001:0002a330       ??0CSmooth@@QAE@HH@Z       0042b330 f   PSINS.obj
 0001:0002a480       ??1CSmooth@@QAE@XZ         0042b480 f   PSINS.obj
 0001:0002a4f0       ?Update@CSmooth@@QAE?AVCVect@@PBNPAN@Z 0042b4f0 f   PSINS.obj
 0001:0002a640       ??0CInterp@@QAE@PAPANHH@Z  0042b640 f   PSINS.obj
 0001:0002a760       ??0CInterp@@QAE@PBDH@Z     0042b760 f   PSINS.obj
 0001:0002a980       ??1CInterp@@QAE@XZ         0042b980 f   PSINS.obj
 0001:0002aa30       ?Interp@CInterp@@QAENNPAN@Z 0042ba30 f   PSINS.obj
 0001:0002ad10       ??0CContinuousCnt@@QAE@H@Z 0042bd10 f   PSINS.obj
 0001:0002ad60       ?Update@CContinuousCnt@@QAEHH@Z 0042bd60 f   PSINS.obj
 0001:0002ae00       ?Alignsb@@YA?AVCVect3@@ABV1@0N@Z 0042be00 f   PSINS.obj
 0001:0002b050       ?Alignsb@@YA?AVCVect3@@ABV1@00@Z 0042c050 f   PSINS.obj
 0001:0002b0b0       ??0CAligni0@@QAE@ABVCVect3@@0H@Z 0042c0b0 f   PSINS.obj
 0001:0002b210       ?Init@CAligni0@@QAEXABVCVect3@@0H@Z 0042c210 f   PSINS.obj
 0001:0002b3a0       ?Update@CAligni0@@QAE?AVCQuat@@PBVCVect3@@0HNABV3@@Z 0042c3a0 f   PSINS.obj
 0001:0002ba10       ??0CAligni0fit@@QAE@XZ     0042ca10 f   PSINS.obj
 0001:0002bb20       ??0CAligni0fit@@QAE@ABVCVect3@@@Z 0042cb20 f   PSINS.obj
 0001:0002bc40       ?Init@CAligni0fit@@QAEXABVCVect3@@@Z 0042cc40 f   PSINS.obj
 0001:0002be80       ?Update@CAligni0fit@@QAE?AVCQuat@@PBVCVect3@@0HN@Z 0042ce80 f   PSINS.obj
 0001:0002c610       ?pi0t@CAligni0fit@@QAE?AVCVect3@@N@Z 0042d610 f   PSINS.obj
 0001:0002c730       ?pib0t@CAligni0fit@@QAE?AVCVect3@@N@Z 0042d730 f   PSINS.obj
 0001:0002c810       ??0CAlignkf@@QAE@XZ        0042d810 f   PSINS.obj
 0001:0002c870       ??0CAlignkf@@QAE@N@Z       0042d870 f   PSINS.obj
 0001:0002c910       ??0CAlignkf@@QAE@ABVCSINS@@N@Z 0042d910 f   PSINS.obj
 0001:0002c990       ?Init@CAlignkf@@QAEXABVCSINS@@@Z 0042d990 f   PSINS.obj
 0001:0002ce80       ?Update@CAlignkf@@QAEHPBVCVect3@@0HNH@Z 0042de80 f   PSINS.obj
 0001:0002cf60       ?Update@CAlignkf@@QAEHPBVCVect3@@0HNABV2@H@Z 0042df60 f   PSINS.obj
 0001:0002d050       ??0CAligntrkang@@QAE@NNNN@Z 0042e050 f   PSINS.obj
 0001:0002d120       ?Init@CAligntrkang@@QAEXABVCSINS@@@Z 0042e120 f   PSINS.obj
 0001:0002d600       ?Update@CAligntrkang@@QAEHPBVCVect3@@0HNABV2@H@Z 0042e600 f   PSINS.obj
 0001:0002d910       ??0CAlignsv@@QAE@XZ        0042e910 f   PSINS.obj
 0001:0002d970       ??0CAlignsv@@QAE@N@Z       0042e970 f   PSINS.obj
 0001:0002d9f0       ??0CAlignsv@@QAE@ABVCVect3@@NNN@Z 0042e9f0 f   PSINS.obj
 0001:0002da90       ?Init@CAlignsv@@QAEXABVCVect3@@NNN@Z 0042ea90 f   PSINS.obj
 0001:0002dc70       ??1CAlignsv@@QAE@XZ        0042ec70 f   PSINS.obj
 0001:0002dcf0       ?Update@CAlignsv@@QAEHPBVCVect3@@0H@Z 0042ecf0 f   PSINS.obj
 0001:0002df40       ??0CAligntf@@QAE@N@Z       0042ef40 f   PSINS.obj
 0001:0002dfe0       ??0CAligntf@@QAE@ABVCSINS@@N@Z 0042efe0 f   PSINS.obj
 0001:0002e060       ?Init@CAligntf@@QAEXABVCSINS@@@Z 0042f060 f   PSINS.obj
 0001:0002e570       ?SetFt@CAligntf@@UAEXH@Z   0042f570 f   PSINS.obj
 0001:0002e5f0       ?SetHk@CAligntf@@UAEXH@Z   0042f5f0 f   PSINS.obj
 0001:0002e730       ?Feedback@CAligntf@@UAEXHN@Z 0042f730 f   PSINS.obj
 0001:0002e820       ?Update@CAligntf@@QAEHPBVCVect3@@0HNH@Z 0042f820 f   PSINS.obj
 0001:0002e8b0       ?SetMeasVnAtt@CAligntf@@QAEXABVCVect3@@0@Z 0042f8b0 f   PSINS.obj
 0001:0002ea20       ??6CAligntf@@QAEXAAVCFileRdWt@@@Z 0042fa20 f   PSINS.obj
 0001:0002eae0       ?swap16@@YAGG@Z            0042fae0 f   PSINS.obj
 0001:0002eb30       ?swap24@@YAPAEPAE0@Z       0042fb30 f   PSINS.obj
 0001:0002eb90       ?swap32@@YAII@Z            0042fb90 f   PSINS.obj
 0001:0002ec00       ?swap64@@YAKK@Z            0042fc00 f   PSINS.obj
 0001:0002eca0       ?int24@@YAPAEPAEH@Z        0042fca0 f   PSINS.obj
 0001:0002ed10       ?diffint24@@YAHPBE0@Z      0042fd10 f   PSINS.obj
 0001:0002edf0       ?r2dm@@YANN@Z              0042fdf0 f   PSINS.obj
 0001:0002ee90       ?dm2r@@YANN@Z              0042fe90 f   PSINS.obj
 0001:0002ef30       ?logtrigger@@YAHHN@Z       0042ff30 f   PSINS.obj
 0001:0002efa0       ?IsZero@@YAHNN@Z           0042ffa0 f i PSINS.obj
 0001:0002eff0       ?sign@@YAHNN@Z             0042fff0 f   PSINS.obj
 0001:0002f050       ?range@@YANNNN@Z           00430050 f   PSINS.obj
 0001:0002f0c0       ?maxn@@YANPBNH@Z           004300c0 f   PSINS.obj
 0001:0002f130       ?minn@@YANPBNH@Z           00430130 f   PSINS.obj
 0001:0002f1a0       ?norm1@@YANPBNH@Z          004301a0 f   PSINS.obj
 0001:0002f220       ?norm@@YANPBNH@Z           00430220 f   PSINS.obj
 0001:0002f2a0       ?normInf@@YANPBNH@Z        004302a0 f   PSINS.obj
 0001:0002f330       ?attract@@YANNNN@Z         00430330 f   PSINS.obj
 0001:0002f3a0       ?polyval@@YANPBNHN@Z       004303a0 f   PSINS.obj
 0001:0002f400       ?atan2Ex@@YANNN@Z          00430400 f   PSINS.obj
 0001:0002f4a0       ?diffYaw@@YANNN@Z          004304a0 f   PSINS.obj
 0001:0002f510       ?MKQt@@YANNN@Z             00430510 f   PSINS.obj
 0001:0002f540       ?MKQt@@YA?AVCVect3@@ABV1@0@Z 00430540 f   PSINS.obj
 0001:0002f5d0       ?unixt2gpst@@YANNH@Z       004305d0 f   PSINS.obj
 0001:0002f620       ?randn@@YANNN@Z            00430620 f   PSINS.obj
 0001:0002f6e0       ?randn@@YA?AVCVect3@@ABV1@0@Z 004306e0 f   PSINS.obj
 0001:0002f790       ?randn@@YA?AVCVect@@ABV1@0@Z 00430790 f   PSINS.obj
 0001:0002f890       ?randn@@YA?AVCMat3@@ABV1@ABN@Z 00430890 f   PSINS.obj
 0001:0002f930       ?randn@@YA?AVCMat@@ABV1@ABN@Z 00430930 f   PSINS.obj
 0001:0002fa20       ?deci@@YAPAHHPAH@Z         00430a20 f   PSINS.obj
 0001:0002fb30       ?sizedisp@@YAXH@Z          00430b30 f   PSINS.obj
 0001:0002fc50       ?Demo_User@@YAXXZ          00430c50 f   PSINS_Demo.obj
 0001:0002fff0       ?Demo_CIIRV3@@YAXXZ        00430ff0 f   PSINS_Demo.obj
 0001:000301d0       ?Demo_CMaxMin@@YAXXZ       004311d0 f   PSINS_Demo.obj
 0001:00030340       ?Demo_CVAR@@YAXXZ          00431340 f   PSINS_Demo.obj
 0001:00030490       ?Demo_CVARn@@YAXXZ         00431490 f   PSINS_Demo.obj
 0001:00030600       ?Demo_CRAvar@@YAXXZ        00431600 f   PSINS_Demo.obj
 0001:00030790       ?Demo_CSINS_static@@YAXXZ  00431790 f   PSINS_Demo.obj
 0001:00030c30       ?Demo_CAlignsv@@YAXXZ      00431c30 f   PSINS_Demo.obj
 0001:00030e00       ??0CFileIMU6@@QAE@PBD@Z    00431e00 f i PSINS_Demo.obj
 0001:000310a0       ??1CFileIMU6@@QAE@XZ       004320a0 f i PSINS_Demo.obj
 0001:000310e0       ?Demo_CAligntf@@YAXXZ      004320e0 f   PSINS_Demo.obj
 0001:000313b0       ?load@CFileIMU6@@QAEHHH@Z  004323b0 f i PSINS_Demo.obj
 0001:000314c0       ?Demo_CAlign_CSINS@@YAXXZ  004324c0 f   PSINS_Demo.obj
 0001:00031770       ?Demo_CSINSGNSS@@YAXXZ     00432770 f   PSINS_Demo.obj
 0001:00031c90       ??0CFileIMUGNSS@@QAE@PBD@Z 00432c90 f i PSINS_Demo.obj
 0001:00031e90       ?load@CFileIMUGNSS@@QAEHH@Z 00432e90 f i PSINS_Demo.obj
 0001:00031f00       ??1CFileIMUGNSS@@QAE@XZ    00432f00 f i PSINS_Demo.obj
 0001:00031f40       ?Demo_CSINSGNSSDR@@YAXXZ   00432f40 f   PSINS_Demo.obj
 0001:00032240       ??0CFileRdSr49@@QAE@PBD@Z  00433240 f i PSINS_Demo.obj
 0001:00032340       ?load@CFileRdSr49@@QAEHH@Z 00433340 f i PSINS_Demo.obj
 0001:00032500       ?waitforgps@CFileRdSr49@@QAEHXZ 00433500 f i PSINS_Demo.obj
 0001:00032570       ??0DataSensor49@@QAE@XZ    00433570 f i PSINS_Demo.obj
 0001:00032600       ??1CFileRdSr49@@QAE@XZ     00433600 f i PSINS_Demo.obj
 0001:00032640       ?Demo_SINSOD@@YAXXZ        00433640 f   PSINS_Demo.obj
 0001:000328f0       ?Demo_POS618@@YAXXZ        004338f0 f   PSINS_Demo.obj
 0001:00032a00       ?Demo_CNS_PrecNut@@YAXXZ   00433a00 f   PSINS_Demo.obj
 0001:00032be0       ?Demo_SINSCNS@@YAXXZ       00433be0 f   PSINS_Demo.obj
 0001:00032f40       ?Demo_IMUTempCompensate@@YAXXZ 00433f40 f   PSINS_Demo.obj
 0001:00033030       ?Demo_CVCFileFind@@YAXXZ   00434030 f   PSINS_Demo.obj
 0001:00033050       ?Demo_DSP_main@@YAXXZ      00434050 f   PSINS_Demo.obj
 0001:00033070       ?Demo_CONSOLE_UART@@YAXXZ  00434070 f   PSINS_Demo.obj
 0001:00033090       ?Demo_Cfg@@YAXXZ           00434090 f   PSINS_Demo.obj
 0001:00033290       ?Demo_CPolyfit@@YAXXZ      00434290 f   PSINS_Demo.obj
 0001:00033500       ?Demo_CAligni0@@YAXXZ      00434500 f   PSINS_Demo.obj
 0001:000337e0       ?Demo_SysClbt@@YAXXZ       004347e0 f   PSINS_Demo.obj
 0001:00033c90       ??0CFileIMU7@@QAE@PBD@Z    00434c90 f i PSINS_Demo.obj
 0001:00033da0       ?load@CFileIMU7@@QAEHH@Z   00434da0 f i PSINS_Demo.obj
 0001:00033e10       ?sumIMU@CFileIMU7@@QAEXHAAVCVect3@@0@Z 00434e10 f i PSINS_Demo.obj
 0001:00033ee0       ??1CFileIMU7@@QAE@XZ       00434ee0 f i PSINS_Demo.obj
 0001:00033f20       ?getRegKeyValues@@YA_NV?$basic_string@DU?$char_traits@D@std@@V?$allocator@D@2@@std@@AAV?$list@V?$basic_string@DU?$char_traits@D@std@@V?$allocator@D@2@@std@@V?$allocator@V?$basic_string@DU?$char_traits@D@std@@V?$allocator@D@2@@std@@@2@@2@@Z 00434f20 f   SerialPort.obj
 0001:00034230       ??0CSerialPort@itas109@@QAE@XZ 00435230 f   SerialPort.obj
 0001:00034380       ??1CSerialPort@itas109@@UAE@XZ 00435380 f   SerialPort.obj
 0001:00034470       ?InitPort@CSerialPort@itas109@@QAEHPAUHWND__@@IIDIIKIKKKKK@Z 00435470 f   SerialPort.obj
 0001:00034a10       ?CommThread@CSerialPort@itas109@@KGKPAX@Z 00435a10 f   SerialPort.obj
 0001:00034e70       ?StartMonitoring@CSerialPort@itas109@@QAEHXZ 00435e70 f   SerialPort.obj
 0001:00034ee0       ?ResumeMonitoring@CSerialPort@itas109@@QAEHXZ 00435ee0 f   SerialPort.obj
 0001:00034f30       ?SuspendMonitoring@CSerialPort@itas109@@QAEHXZ 00435f30 f   SerialPort.obj
 0001:00034f80       ?IsThreadSuspend@CSerialPort@itas109@@QAEHPAX@Z 00435f80 f   SerialPort.obj
 0001:00034ff0       ?ProcessErrorMessage@CSerialPort@itas109@@IAEXPAD@Z 00435ff0 f   SerialPort.obj
 0001:000350b0       ?WriteChar@CSerialPort@itas109@@KAXPAV12@@Z 004360b0 f   SerialPort.obj
 0001:000353e0       ?ReceiveChar@CSerialPort@itas109@@KAXPAV12@@Z 004363e0 f   SerialPort.obj
 0001:000356a0       ?ReceiveStr@CSerialPort@itas109@@KAXPAV12@@Z 004366a0 f   SerialPort.obj
 0001:000359a0       ?GetDCB@CSerialPort@itas109@@QAE?AU_DCB@@XZ 004369a0 f   SerialPort.obj
 0001:000359e0       ?GetCommEvents@CSerialPort@itas109@@QAEKXZ 004369e0 f   SerialPort.obj
 0001:00035a10       ?GetWriteBufferSize@CSerialPort@itas109@@QAEKXZ 00436a10 f   SerialPort.obj
 0001:00035a40       ?IsOpened@CSerialPort@itas109@@QAEHXZ 00436a40 f   SerialPort.obj
 0001:00035a80       ?ClosePort@CSerialPort@itas109@@QAEXXZ 00436a80 f   SerialPort.obj
 0001:00035c40       ?WriteToPort@CSerialPort@itas109@@QAEXPADI@Z 00436c40 f   SerialPort.obj
 0001:00035d30       ?WriteToPort@CSerialPort@itas109@@QAEXPAEI@Z 00436d30 f   SerialPort.obj
 0001:00035e20       ?GetVersion@CSerialPort@itas109@@QAE?AV?$basic_string@DU?$char_traits@D@std@@V?$allocator@D@2@@std@@XZ 00436e20 f   SerialPort.obj
 0001:00035ec0       ??0CSerialPortInfo@itas109@@QAE@XZ 00436ec0 f   SerialPort.obj
 0001:00035ef0       ??1CSerialPortInfo@itas109@@QAE@XZ 00436ef0 f   SerialPort.obj
 0001:00035f20       ?availablePorts@CSerialPortInfo@itas109@@SA?AV?$list@V?$basic_string@DU?$char_traits@D@std@@V?$allocator@D@2@@std@@V?$allocator@V?$basic_string@DU?$char_traits@D@std@@V?$allocator@D@2@@std@@@2@@std@@XZ 00436f20 f   SerialPort.obj
 0001:00035ff0       ??0?$basic_string@DU?$char_traits@D@std@@V?$allocator@D@2@@std@@QAE@ABV?$allocator@D@1@@Z 00436ff0 f i SerialPort.obj
 0001:00036040       ??0?$basic_string@DU?$char_traits@D@std@@V?$allocator@D@2@@std@@QAE@ABV01@@Z 00437040 f i SerialPort.obj
 0001:000360a0       ??0?$basic_string@DU?$char_traits@D@std@@V?$allocator@D@2@@std@@QAE@PBDABV?$allocator@D@1@@Z 004370a0 f i SerialPort.obj
 0001:00036100       ??1?$basic_string@DU?$char_traits@D@std@@V?$allocator@D@2@@std@@QAE@XZ 00437100 f i SerialPort.obj
 0001:00036140       ??4?$basic_string@DU?$char_traits@D@std@@V?$allocator@D@2@@std@@QAEAAV01@ABV01@@Z 00437140 f i SerialPort.obj
 0001:00036180       ?c_str@?$basic_string@DU?$char_traits@D@std@@V?$allocator@D@2@@std@@QBEPBDXZ 00437180 f i SerialPort.obj
 0001:000361d0       ??0?$list@UserialPortBuffer@@V?$allocator@UserialPortBuffer@@@std@@@std@@QAE@ABV?$allocator@UserialPortBuffer@@@1@@Z 004371d0 f i SerialPort.obj
 0001:00036230       ??1?$list@UserialPortBuffer@@V?$allocator@UserialPortBuffer@@@std@@@std@@QAE@XZ 00437230 f i SerialPort.obj
 0001:000362b0       ?begin@?$list@UserialPortBuffer@@V?$allocator@UserialPortBuffer@@@std@@@std@@QAE?AViterator@12@XZ 004372b0 f i SerialPort.obj
 0001:00036310       ?end@?$list@UserialPortBuffer@@V?$allocator@UserialPortBuffer@@@std@@@std@@QAE?AViterator@12@XZ 00437310 f i SerialPort.obj
 0001:00036360       ?size@?$list@UserialPortBuffer@@V?$allocator@UserialPortBuffer@@@std@@@std@@QBEIXZ 00437360 f i SerialPort.obj
 0001:00036390       ?push_back@?$list@UserialPortBuffer@@V?$allocator@UserialPortBuffer@@@std@@@std@@QAEXABUserialPortBuffer@@@Z 00437390 f i SerialPort.obj
 0001:000363e0       ?erase@?$list@UserialPortBuffer@@V?$allocator@UserialPortBuffer@@@std@@@std@@QAE?AViterator@12@V312@@Z 004373e0 f i SerialPort.obj
 0001:000364c0       ??0iterator@?$list@UserialPortBuffer@@V?$allocator@UserialPortBuffer@@@std@@@std@@QAE@XZ 004374c0 f i SerialPort.obj
 0001:00036500       ??Diterator@?$list@UserialPortBuffer@@V?$allocator@UserialPortBuffer@@@std@@@std@@QBEAAUserialPortBuffer@@XZ 00437500 f i SerialPort.obj
 0001:00036540       ??Eiterator@?$list@UserialPortBuffer@@V?$allocator@UserialPortBuffer@@@std@@@std@@QAE?AV012@H@Z 00437540 f i SerialPort.obj
 0001:00036590       ??9iterator@?$list@UserialPortBuffer@@V?$allocator@UserialPortBuffer@@@std@@@std@@QBE_NABV012@@Z 00437590 f i SerialPort.obj
 0001:000365e0       ??0?$list@V?$basic_string@DU?$char_traits@D@std@@V?$allocator@D@2@@std@@V?$allocator@V?$basic_string@DU?$char_traits@D@std@@V?$allocator@D@2@@std@@@2@@std@@QAE@ABV?$allocator@V?$basic_string@DU?$char_traits@D@std@@V?$allocator@D@2@@std@@@1@@Z 004375e0 f i SerialPort.obj
 0001:00036640       ??0?$list@V?$basic_string@DU?$char_traits@D@std@@V?$allocator@D@2@@std@@V?$allocator@V?$basic_string@DU?$char_traits@D@std@@V?$allocator@D@2@@std@@@2@@std@@QAE@ABV01@@Z 00437640 f i SerialPort.obj
 0001:000366d0       ??1?$list@V?$basic_string@DU?$char_traits@D@std@@V?$allocator@D@2@@std@@V?$allocator@V?$basic_string@DU?$char_traits@D@std@@V?$allocator@D@2@@std@@@2@@std@@QAE@XZ 004376d0 f i SerialPort.obj
 0001:00036750       ?empty@?$list@V?$basic_string@DU?$char_traits@D@std@@V?$allocator@D@2@@std@@V?$allocator@V?$basic_string@DU?$char_traits@D@std@@V?$allocator@D@2@@std@@@2@@std@@QBE_NXZ 00437750 f i SerialPort.obj
 0001:00036790       ?push_back@?$list@V?$basic_string@DU?$char_traits@D@std@@V?$allocator@D@2@@std@@V?$allocator@V?$basic_string@DU?$char_traits@D@std@@V?$allocator@D@2@@std@@@2@@std@@QAEXABV?$basic_string@DU?$char_traits@D@std@@V?$allocator@D@2@@2@@Z 00437790 f i SerialPort.obj
 0001:000367e0       ?clear@?$list@V?$basic_string@DU?$char_traits@D@std@@V?$allocator@D@2@@std@@V?$allocator@V?$basic_string@DU?$char_traits@D@std@@V?$allocator@D@2@@std@@@2@@std@@QAEXXZ 004377e0 f i SerialPort.obj
 0001:00036840       ?assign@?$basic_string@DU?$char_traits@D@std@@V?$allocator@D@2@@std@@QAEAAV12@ABV12@@Z 00437840 f i SerialPort.obj
 0001:00036890       ?assign@?$basic_string@DU?$char_traits@D@std@@V?$allocator@D@2@@std@@QAEAAV12@ABV12@II@Z 00437890 f i SerialPort.obj
 0001:00036a10       ?copy@?$char_traits@D@std@@SAPADPADPBDI@Z 00437a10 f i SerialPort.obj
 0001:00036a50       ?size@?$basic_string@DU?$char_traits@D@std@@V?$allocator@D@2@@std@@QBEIXZ 00437a50 f i SerialPort.obj
 0001:00036a80       ?assign@?$basic_string@DU?$char_traits@D@std@@V?$allocator@D@2@@std@@QAEAAV12@PBD@Z 00437a80 f i SerialPort.obj
 0001:00036ad0       ?length@?$char_traits@D@std@@SAIPBD@Z 00437ad0 f i SerialPort.obj
 0001:00036b10       ?_Nullstr@?$basic_string@DU?$char_traits@D@std@@V?$allocator@D@2@@std@@CAPBDXZ 00437b10 f i SerialPort.obj
 0001:00036b40       ?_Tidy@?$basic_string@DU?$char_traits@D@std@@V?$allocator@D@2@@std@@AAEX_N@Z 00437b40 f i SerialPort.obj
 0001:00036c20       ?insert@?$list@UserialPortBuffer@@V?$allocator@UserialPortBuffer@@@std@@@std@@QAE?AViterator@12@V312@ABUserialPortBuffer@@@Z 00437c20 f i SerialPort.obj
 0001:00036d00       ?erase@?$list@UserialPortBuffer@@V?$allocator@UserialPortBuffer@@@std@@@std@@QAE?AViterator@12@V312@0@Z 00437d00 f i SerialPort.obj
 0001:00036d70       ?_Buynode@?$list@UserialPortBuffer@@V?$allocator@UserialPortBuffer@@@std@@@std@@IAEPAU_Node@12@PAU312@0@Z 00437d70 f i SerialPort.obj
 0001:00036e00       ?_Freenode@?$list@UserialPortBuffer@@V?$allocator@UserialPortBuffer@@@std@@@std@@IAEXPAU_Node@12@@Z 00437e00 f i SerialPort.obj
 0001:00036e40       ?_Next@_Acc@?$list@UserialPortBuffer@@V?$allocator@UserialPortBuffer@@@std@@@std@@SAAAPAU_Node@23@PAU423@@Z 00437e40 f i SerialPort.obj
 0001:00036e70       ?_Prev@_Acc@?$list@UserialPortBuffer@@V?$allocator@UserialPortBuffer@@@std@@@std@@SAAAPAU_Node@23@PAU423@@Z 00437e70 f i SerialPort.obj
 0001:00036ea0       ?_Value@_Acc@?$list@UserialPortBuffer@@V?$allocator@UserialPortBuffer@@@std@@@std@@SAAAUserialPortBuffer@@PAU_Node@23@@Z 00437ea0 f i SerialPort.obj
 0001:00036ed0       ?destroy@?$allocator@UserialPortBuffer@@@std@@QAEXPAUserialPortBuffer@@@Z 00437ed0 f i SerialPort.obj
 0001:00036f10       ??0const_iterator@?$list@UserialPortBuffer@@V?$allocator@UserialPortBuffer@@@std@@@std@@QAE@XZ 00437f10 f i SerialPort.obj
 0001:00036f40       ?_Mynode@const_iterator@?$list@UserialPortBuffer@@V?$allocator@UserialPortBuffer@@@std@@@std@@QBEPAU_Node@23@XZ 00437f40 f i SerialPort.obj
 0001:00036f70       ??0iterator@?$list@UserialPortBuffer@@V?$allocator@UserialPortBuffer@@@std@@@std@@QAE@PAU_Node@12@@Z 00437f70 f i SerialPort.obj
 0001:00036fb0       ??Eiterator@?$list@UserialPortBuffer@@V?$allocator@UserialPortBuffer@@@std@@@std@@QAEAAV012@XZ 00437fb0 f i SerialPort.obj
 0001:00037000       ??8iterator@?$list@UserialPortBuffer@@V?$allocator@UserialPortBuffer@@@std@@@std@@QBE_NABV012@@Z 00438000 f i SerialPort.obj
 0001:00037040       ?begin@?$list@V?$basic_string@DU?$char_traits@D@std@@V?$allocator@D@2@@std@@V?$allocator@V?$basic_string@DU?$char_traits@D@std@@V?$allocator@D@2@@std@@@2@@std@@QAE?AViterator@12@XZ 00438040 f i SerialPort.obj
 0001:000370a0       ?begin@?$list@V?$basic_string@DU?$char_traits@D@std@@V?$allocator@D@2@@std@@V?$allocator@V?$basic_string@DU?$char_traits@D@std@@V?$allocator@D@2@@std@@@2@@std@@QBE?AVconst_iterator@12@XZ 004380a0 f i SerialPort.obj
 0001:00037100       ?end@?$list@V?$basic_string@DU?$char_traits@D@std@@V?$allocator@D@2@@std@@V?$allocator@V?$basic_string@DU?$char_traits@D@std@@V?$allocator@D@2@@std@@@2@@std@@QAE?AViterator@12@XZ 00438100 f i SerialPort.obj
 0001:00037150       ??0CSerialPort@itas109@@QAE@ABV01@@Z 00438150 f i SerialPort.obj
 0001:000372e0       ??0?$list@UserialPortBuffer@@V?$allocator@UserialPortBuffer@@@std@@@std@@QAE@ABV01@@Z 004382e0 f i SerialPort.obj
 0001:00037370       ?begin@?$list@UserialPortBuffer@@V?$allocator@UserialPortBuffer@@@std@@@std@@QBE?AVconst_iterator@12@XZ 00438370 f i SerialPort.obj
 0001:000373d0       ?end@?$list@UserialPortBuffer@@V?$allocator@UserialPortBuffer@@@std@@@std@@QBE?AVconst_iterator@12@XZ 004383d0 f i SerialPort.obj
 0001:00037420       ?insert@?$list@UserialPortBuffer@@V?$allocator@UserialPortBuffer@@@std@@@std@@QAEXViterator@12@Vconst_iterator@12@1@Z 00438420 f i SerialPort.obj
 0001:00037490       ??Dconst_iterator@?$list@UserialPortBuffer@@V?$allocator@UserialPortBuffer@@@std@@@std@@QBEABUserialPortBuffer@@XZ 00438490 f i SerialPort.obj
 0001:000374d0       ??Econst_iterator@?$list@UserialPortBuffer@@V?$allocator@UserialPortBuffer@@@std@@@std@@QAEAAV012@XZ 004384d0 f i SerialPort.obj
 0001:00037520       ??9const_iterator@?$list@UserialPortBuffer@@V?$allocator@UserialPortBuffer@@@std@@@std@@QBE_NABV012@@Z 00438520 f i SerialPort.obj
 0001:00037570       ?end@?$list@V?$basic_string@DU?$char_traits@D@std@@V?$allocator@D@2@@std@@V?$allocator@V?$basic_string@DU?$char_traits@D@std@@V?$allocator@D@2@@std@@@2@@std@@QBE?AVconst_iterator@12@XZ 00438570 f i SerialPort.obj
 0001:000375c0       ?size@?$list@V?$basic_string@DU?$char_traits@D@std@@V?$allocator@D@2@@std@@V?$allocator@V?$basic_string@DU?$char_traits@D@std@@V?$allocator@D@2@@std@@@2@@std@@QBEIXZ 004385c0 f i SerialPort.obj
 0001:000375f0       ?insert@?$list@V?$basic_string@DU?$char_traits@D@std@@V?$allocator@D@2@@std@@V?$allocator@V?$basic_string@DU?$char_traits@D@std@@V?$allocator@D@2@@std@@@2@@std@@QAE?AViterator@12@V312@ABV?$basic_string@DU?$char_traits@D@std@@V?$allocator@D@2@@2@@Z 004385f0 f i SerialPort.obj
 0001:000376d0       ??4CSerialPort@itas109@@QAEAAV01@ABV01@@Z 004386d0 f i SerialPort.obj
 0001:00037870       ??4?$list@UserialPortBuffer@@V?$allocator@UserialPortBuffer@@@std@@@std@@QAEAAV01@ABV01@@Z 00438870 f i SerialPort.obj
 0001:00037980       ?insert@?$list@V?$basic_string@DU?$char_traits@D@std@@V?$allocator@D@2@@std@@V?$allocator@V?$basic_string@DU?$char_traits@D@std@@V?$allocator@D@2@@std@@@2@@std@@QAEXViterator@12@Vconst_iterator@12@1@Z 00438980 f i SerialPort.obj
 0001:000379f0       ?erase@?$list@V?$basic_string@DU?$char_traits@D@std@@V?$allocator@D@2@@std@@V?$allocator@V?$basic_string@DU?$char_traits@D@std@@V?$allocator@D@2@@std@@@2@@std@@QAE?AViterator@12@V312@0@Z 004389f0 f i SerialPort.obj
 0001:00037a60       ?_Buynode@?$list@V?$basic_string@DU?$char_traits@D@std@@V?$allocator@D@2@@std@@V?$allocator@V?$basic_string@DU?$char_traits@D@std@@V?$allocator@D@2@@std@@@2@@std@@IAEPAU_Node@12@PAU312@0@Z 00438a60 f i SerialPort.obj
 0001:00037af0       ?_Freenode@?$list@V?$basic_string@DU?$char_traits@D@std@@V?$allocator@D@2@@std@@V?$allocator@V?$basic_string@DU?$char_traits@D@std@@V?$allocator@D@2@@std@@@2@@std@@IAEXPAU_Node@12@@Z 00438af0 f i SerialPort.obj
 0001:00037b30       ??_GCSerialPort@itas109@@UAEPAXI@Z 00438b30 f i SerialPort.obj
 0001:00037b90       ?assign@?$basic_string@DU?$char_traits@D@std@@V?$allocator@D@2@@std@@QAEAAV12@PBDI@Z 00438b90 f i SerialPort.obj
 0001:00037c00       ??_ECSerialPort@itas109@@UAEPAXI@Z 00438c00 f i SerialPort.obj
 0001:00037ca0       ?erase@?$basic_string@DU?$char_traits@D@std@@V?$allocator@D@2@@std@@QAEAAV12@II@Z 00438ca0 f i SerialPort.obj
 0001:00037d70       ?move@?$char_traits@D@std@@SAPADPADPBDI@Z 00438d70 f i SerialPort.obj
 0001:00037db0       ??4CSerialPortInfo@itas109@@QAEAAV01@ABV01@@Z 00438db0 f i SerialPort.obj
 0001:00037df0       ?capacity@?$basic_string@DU?$char_traits@D@std@@V?$allocator@D@2@@std@@QBEIXZ 00438df0 f i SerialPort.obj
 0001:00037e20       ?_Eos@?$basic_string@DU?$char_traits@D@std@@V?$allocator@D@2@@std@@AAEXI@Z 00438e20 f i SerialPort.obj
 0001:00037e80       ?assign@?$char_traits@D@std@@SAXAADABD@Z 00438e80 f i SerialPort.obj
 0001:00037eb0       ?_Grow@?$basic_string@DU?$char_traits@D@std@@V?$allocator@D@2@@std@@AAE_NI_N@Z 00438eb0 f i SerialPort.obj
 0001:00038010       ?_Refcnt@?$basic_string@DU?$char_traits@D@std@@V?$allocator@D@2@@std@@AAEAAEPBD@Z 00439010 f i SerialPort.obj
 0001:00038040       ?deallocate@?$allocator@D@std@@QAEXPAXI@Z 00439040 f i SerialPort.obj
 0001:00038080       ?_Charalloc@?$allocator@UserialPortBuffer@@@std@@QAEPADI@Z 00439080 f i SerialPort.obj
 0001:000380c0       ?deallocate@?$allocator@UserialPortBuffer@@@std@@QAEXPAXI@Z 004390c0 f i SerialPort.obj
 0001:00038100       ?construct@?$allocator@UserialPortBuffer@@@std@@QAEXPAUserialPortBuffer@@ABU3@@Z 00439100 f i SerialPort.obj
 0001:00038140       ??0const_iterator@?$list@UserialPortBuffer@@V?$allocator@UserialPortBuffer@@@std@@@std@@QAE@PAU_Node@12@@Z 00439140 f i SerialPort.obj
 0001:00038180       ??8const_iterator@?$list@UserialPortBuffer@@V?$allocator@UserialPortBuffer@@@std@@@std@@QBE_NABV012@@Z 00439180 f i SerialPort.obj
 0001:000381c0       ?erase@?$list@V?$basic_string@DU?$char_traits@D@std@@V?$allocator@D@2@@std@@V?$allocator@V?$basic_string@DU?$char_traits@D@std@@V?$allocator@D@2@@std@@@2@@std@@QAE?AViterator@12@V312@@Z 004391c0 f i SerialPort.obj
 0001:000382a0       ?_Next@_Acc@?$list@V?$basic_string@DU?$char_traits@D@std@@V?$allocator@D@2@@std@@V?$allocator@V?$basic_string@DU?$char_traits@D@std@@V?$allocator@D@2@@std@@@2@@std@@SAAAPAU_Node@23@PAU423@@Z 004392a0 f i SerialPort.obj
 0001:000382d0       ?_Prev@_Acc@?$list@V?$basic_string@DU?$char_traits@D@std@@V?$allocator@D@2@@std@@V?$allocator@V?$basic_string@DU?$char_traits@D@std@@V?$allocator@D@2@@std@@@2@@std@@SAAAPAU_Node@23@PAU423@@Z 004392d0 f i SerialPort.obj
 0001:00038300       ?_Value@_Acc@?$list@V?$basic_string@DU?$char_traits@D@std@@V?$allocator@D@2@@std@@V?$allocator@V?$basic_string@DU?$char_traits@D@std@@V?$allocator@D@2@@std@@@2@@std@@SAAAV?$basic_string@DU?$char_traits@D@std@@V?$allocator@D@2@@3@PAU_Node@23@@Z 00439300 f i SerialPort.obj
 0001:00038330       ?_Charalloc@?$allocator@V?$basic_string@DU?$char_traits@D@std@@V?$allocator@D@2@@std@@@std@@QAEPADI@Z 00439330 f i SerialPort.obj
 0001:00038370       ?deallocate@?$allocator@V?$basic_string@DU?$char_traits@D@std@@V?$allocator@D@2@@std@@@std@@QAEXPAXI@Z 00439370 f i SerialPort.obj
 0001:000383b0       ?construct@?$allocator@V?$basic_string@DU?$char_traits@D@std@@V?$allocator@D@2@@std@@@std@@QAEXPAV?$basic_string@DU?$char_traits@D@std@@V?$allocator@D@2@@2@ABV32@@Z 004393b0 f i SerialPort.obj
 0001:000383f0       ??0const_iterator@?$list@V?$basic_string@DU?$char_traits@D@std@@V?$allocator@D@2@@std@@V?$allocator@V?$basic_string@DU?$char_traits@D@std@@V?$allocator@D@2@@std@@@2@@std@@QAE@PAU_Node@12@@Z 004393f0 f i SerialPort.obj
 0001:00038430       ??Dconst_iterator@?$list@V?$basic_string@DU?$char_traits@D@std@@V?$allocator@D@2@@std@@V?$allocator@V?$basic_string@DU?$char_traits@D@std@@V?$allocator@D@2@@std@@@2@@std@@QBEABV?$basic_string@DU?$char_traits@D@std@@V?$allocator@D@2@@2@XZ 00439430 f i SerialPort.obj
 0001:00038470       ??Econst_iterator@?$list@V?$basic_string@DU?$char_traits@D@std@@V?$allocator@D@2@@std@@V?$allocator@V?$basic_string@DU?$char_traits@D@std@@V?$allocator@D@2@@std@@@2@@std@@QAEAAV012@XZ 00439470 f i SerialPort.obj
 0001:000384c0       ??9const_iterator@?$list@V?$basic_string@DU?$char_traits@D@std@@V?$allocator@D@2@@std@@V?$allocator@V?$basic_string@DU?$char_traits@D@std@@V?$allocator@D@2@@std@@@2@@std@@QBE_NABV012@@Z 004394c0 f i SerialPort.obj
 0001:00038510       ?_Mynode@const_iterator@?$list@V?$basic_string@DU?$char_traits@D@std@@V?$allocator@D@2@@std@@V?$allocator@V?$basic_string@DU?$char_traits@D@std@@V?$allocator@D@2@@std@@@2@@std@@QBEPAU_Node@23@XZ 00439510 f i SerialPort.obj
 0001:00038540       ??0iterator@?$list@V?$basic_string@DU?$char_traits@D@std@@V?$allocator@D@2@@std@@V?$allocator@V?$basic_string@DU?$char_traits@D@std@@V?$allocator@D@2@@std@@@2@@std@@QAE@PAU_Node@12@@Z 00439540 f i SerialPort.obj
 0001:00038580       ??Eiterator@?$list@V?$basic_string@DU?$char_traits@D@std@@V?$allocator@D@2@@std@@V?$allocator@V?$basic_string@DU?$char_traits@D@std@@V?$allocator@D@2@@std@@@2@@std@@QAE?AV012@H@Z 00439580 f i SerialPort.obj
 0001:000385d0       ??9iterator@?$list@V?$basic_string@DU?$char_traits@D@std@@V?$allocator@D@2@@std@@V?$allocator@V?$basic_string@DU?$char_traits@D@std@@V?$allocator@D@2@@std@@@2@@std@@QBE_NABV012@@Z 004395d0 f i SerialPort.obj
 0001:00038620       ?max_size@?$basic_string@DU?$char_traits@D@std@@V?$allocator@D@2@@std@@QBEIXZ 00439620 f i SerialPort.obj
 0001:00038680       ?_Copy@?$basic_string@DU?$char_traits@D@std@@V?$allocator@D@2@@std@@AAEXI@Z 00439680 f i SerialPort.obj
 0001:000387e0       ?_Split@?$basic_string@DU?$char_traits@D@std@@V?$allocator@D@2@@std@@AAEXXZ 004397e0 f i SerialPort.obj
 0001:00038870       ?destroy@?$allocator@V?$basic_string@DU?$char_traits@D@std@@V?$allocator@D@2@@std@@@std@@QAEXPAV?$basic_string@DU?$char_traits@D@std@@V?$allocator@D@2@@2@@Z 00439870 f i SerialPort.obj
 0001:000388b0       ??8const_iterator@?$list@V?$basic_string@DU?$char_traits@D@std@@V?$allocator@D@2@@std@@V?$allocator@V?$basic_string@DU?$char_traits@D@std@@V?$allocator@D@2@@std@@@2@@std@@QBE_NABV012@@Z 004398b0 f i SerialPort.obj
 0001:000388f0       ??Eiterator@?$list@V?$basic_string@DU?$char_traits@D@std@@V?$allocator@D@2@@std@@V?$allocator@V?$basic_string@DU?$char_traits@D@std@@V?$allocator@D@2@@std@@@2@@std@@QAEAAV012@XZ 004398f0 f i SerialPort.obj
 0001:00038940       ??8iterator@?$list@V?$basic_string@DU?$char_traits@D@std@@V?$allocator@D@2@@std@@V?$allocator@V?$basic_string@DU?$char_traits@D@std@@V?$allocator@D@2@@std@@@2@@std@@QBE_NABV012@@Z 00439940 f i SerialPort.obj
 0001:00038980       ?allocate@?$allocator@D@std@@QAEPADIPBX@Z 00439980 f i SerialPort.obj
 0001:000389c0       ?max_size@?$allocator@D@std@@QBEIXZ 004399c0 f i SerialPort.obj
 0001:00038a10       ??8std@@YA_NABV?$allocator@D@0@0@Z 00439a10 f i SerialPort.obj
 0001:00038a40       ?_Destroy@std@@YAXPAUserialPortBuffer@@@Z 00439a40 f i SerialPort.obj
 0001:00038a60       ?_Allocate@std@@YAPADHPAD@Z 00439a60 f i SerialPort.obj
 0001:00038ab0       ?_Construct@std@@YAXPAUserialPortBuffer@@ABU2@@Z 00439ab0 f i SerialPort.obj
 0001:00038b10       ??2@YAPAXIPAX@Z            00439b10 f i SerialPort.obj
 0001:00038b40       ?_Construct@std@@YAXPAV?$basic_string@DU?$char_traits@D@std@@V?$allocator@D@2@@1@ABV21@@Z 00439b40 f i SerialPort.obj
 0001:00038bd0       ??3@YAXPAX0@Z              00439bd0 f i SerialPort.obj
 0001:00038bf0       ?_Destroy@std@@YAXPAV?$basic_string@DU?$char_traits@D@std@@V?$allocator@D@2@@1@@Z 00439bf0 f i SerialPort.obj
 0001:00038c30       ??_G?$basic_string@DU?$char_traits@D@std@@V?$allocator@D@2@@std@@QAEPAXI@Z 00439c30 f i SerialPort.obj
 0001:00038cd0       ?id@?$ctype@G@std@@$D      00439cd0 f i SerialPort.obj
 0001:00038d50       ?id@?$ctype@G@std@@$E      00439d50 f i SerialPort.obj
 0001:00038d70       _InitializeCriticalSection@4 00439d70 f   kernel32:KERNEL32.dll
 0001:00038d76       _CreateEventA@16           00439d76 f   kernel32:KERNEL32.dll
 0001:00038d7c       _DeleteCriticalSection@4   00439d7c f   kernel32:KERNEL32.dll
 0001:00038d82       _CloseHandle@4             00439d82 f   kernel32:KERNEL32.dll
 0001:00038d88       _PurgeComm@8               00439d88 f   kernel32:KERNEL32.dll
 0001:00038d8e       _SetCommState@8            00439d8e f   kernel32:KERNEL32.dll
 0001:00038d94       _GetCommState@8            00439d94 f   kernel32:KERNEL32.dll
 0001:00038d9a       _SetCommMask@8             00439d9a f   kernel32:KERNEL32.dll
 0001:00038da0       _SetCommTimeouts@8         00439da0 f   kernel32:KERNEL32.dll
 0001:00038da6       _LeaveCriticalSection@4    00439da6 f   kernel32:KERNEL32.dll
 0001:00038dac       _GetLastError@0            00439dac f   kernel32:KERNEL32.dll
 0001:00038db2       _CreateFileA@28            00439db2 f   kernel32:KERNEL32.dll
 0001:00038db8       _EnterCriticalSection@4    00439db8 f   kernel32:KERNEL32.dll
 0001:00038dbe       _GetCommMask@8             00439dbe f   kernel32:KERNEL32.dll
 0001:00038dc4       _ExitThread@4              00439dc4 f   kernel32:KERNEL32.dll
 0001:00038dca       _WaitForSingleObject@8     00439dca f   kernel32:KERNEL32.dll
 0001:00038dd0       _ClearCommError@12         00439dd0 f   kernel32:KERNEL32.dll
 0001:00038dd6       _WaitCommEvent@12          00439dd6 f   kernel32:KERNEL32.dll
 0001:00038ddc       _CreateThread@24           00439ddc f   kernel32:KERNEL32.dll
 0001:00038de2       _ResumeThread@4            00439de2 f   kernel32:KERNEL32.dll
 0001:00038de8       _SuspendThread@4           00439de8 f   kernel32:KERNEL32.dll
 0001:00038dee       _LocalFree@4               00439dee f   kernel32:KERNEL32.dll
 0001:00038df4       _FormatMessageA@28         00439df4 f   kernel32:KERNEL32.dll
 0001:00038dfa       _GetOverlappedResult@16    00439dfa f   kernel32:KERNEL32.dll
[...]
FIXUPS: 3fa5f 76 11e a1 20 31 28 4f 3a 31 18 45 18 1f 8c 69 2a 34 ffffed1e
FIXUPS: 3ed2e 34 3b 2b 3b 45 2b c 41 6b 56 36 c 2b 1c 2c 1c 18 1f 62 51
FIXUPS: 3f19c 5a ac 4e 51 2b 28 28 28 ac fffff0b4 1b 34 3e 52 38 3c 21
FIXUPS: 3e6d3 1c 6b 28 32 4f 18 1f 5b 66 25 25 b3 19 59 5f 54 86 38 1f
FIXUPS: 3ec24 1c 50 1d 18d5 15 16 14 16 14 19 19 a 1c fffffc1c fffffe98
FIXUPS: 40109 2c 10 1d 2a 10 ffffdfe9 36 27 23 20 29 2f 1c 69 28 5f 54
FIXUPS: 3e3fe 128 2737 9 fffffa76 7f 47 fffffb6f 1e d 19 16 14 2c 1b 17
FIXUPS: 40404 16 16 14 c 1d 16 15 16 14 11 14 16 14 f e 1e 20 c1a 2a 34
FIXUPS: 41219 6b 12 29 43 5a 3d 33 3c 38 1c 1a 18 17 fffff895 ffffff54
FIXUPS: 40b6f e f 10 a 5 5 25 f 17 10 22 9 b2e 2b 14 2e 18 18 7a 63 34
FIXUPS: 41959 1e d 2f 15 11 1d 21 14 26 19d 18 19 19 a fffff11c 28 19f
FIXUPS: 40f45 57 14 32 64 141b d5 ce b9 31 1e 2a 1b 131 25 123 1e 30 75
FIXUPS: 42abf 22 26 14 170 55 53 ffffef4d 21 7e c8 33 49 fffff766 10b 2a
FIXUPS: 41716 38 220f 12 21 d a 13 16 13 28 14 15 14 7 17 6b 20 fffff300
FIXUPS: 42e26 18 a6 10 fffff089 34 24 cb 67 133 18 21 34 30 a8 ebd 37 a
FIXUPS: 432bc 25 b2 65 ce 36 12 38 4c 31 16 f 17 37 19 92 18 20 62 a f3
FIXUPS: 4388a 24 f 1f 12 1e 26 f b7b 2f b2 15 fffffbca 3d 49 132 31 fffffdb3
FIXUPS: 44137 7 10 fffffe9c 5e 7 fffffead fffffd1f 38 78 fffffeb4 22 fffff37a
FIXUPS: 42f4d 92 3f 6a 15 31 51 ba 3c 17fe 11 2f 44 c 3e e 11 182 1d8 1ac
FIXUPS: 45031 33 1b6 f4 27 36 44 c 10 16 c fffff38a c8 1d 27 fffffb6d 12
FIXUPS: 4441f 5 55 3c 2d6b fffffd3d a fffff6ef 4b 15d 19 18 c 25 15 3b
FIXUPS: 4690b 52 6c c7 53 66 53 25 23 ffffe9b6 1c3 17 fffff167 1d 53 1d
FIXUPS: 44993 2c c 3a 46a5 44 35 1c 147 8a 32 24 f ffffea9a fffffc37 2a
FIXUPS: 47a9a 227 fffff9f7 13 dd 23f fffffaf9 82 2a fffffe95 59 fffffed3
FIXUPS: 47387 ffffff09 1b c 10 29 2a fffffec1 152c 33 43 64 46 41 12 2f
FIXUPS: 488f6 23 10 70 24 5a 46 2f c1 24 e5 39 76 4a 3d 76 6c 62 20 77
FIXUPS: 48f8e 70 46 31 e84 29 3b 51 fffffe63 fffffcf3 1ae fffffb5e 108
FIXUPS: 49928 3e 54 4b 28 fffffadd 2a3 ffffe709 2d 47 4a 9 19 a4 1aa 1d
FIXUPS: 48319 1de 32 97 1f 58 a8 1fc6 1b 64 fffffebb 19 38 1d fffffb6a
FIXUPS: 4a1ce 31 30 18 3f c 13 70 10 5c 62 37 1b 40 14 59 14 3f 6b fffffaa5
FIXUPS: 4a074 80 36 fffffda5 3caf 4a 12 5 25e 35 35 1e8 fffff83a fffffbc0
FIXUPS: 4d53f 7f 24 62 38 61 18 28 ffffd0c6 23 3c 6ef 192 19 de0 7e5 236
FIXUPS: 4c9f1 9e a3 102 119 233e ffffff70 d 11 2f 25 fffffdfa 50 c 5a fffffa21
FIXUPS: 4e956 11b 21 4b 5d 17 b5 fffff92e 182 35 fffffd2b a a fffffd1b
FIXUPS: 4e1dd f6 fffff628 23 5 111 43 23bd fffffd00 1c 77 3a 59 15 17 1d
FIXUPS: 4fcb7 13 14 1a 19 fffffcd3 4a 94 2b fffff903 56 1e 13 22 fffffe07
FIXUPS: 4f2d6 28 1f 29 26 17 12 1c 1083 41 8c 14 26f 19 1c 13 2a 3a 10
FIXUPS: 50853 16 26 1e 41 93 20 68 82 10 30 10 30 10 fffff74a a7 fffffa75
FIXUPS: 4fda2 21 24 2a 19aa 23 125 1c 2b 37 1d 2b 13 b7 fffff95e 72 13
FIXUPS: 5149a 17 fffffda9 14 ffffff70 2b fffffd4d 2a 44 4b fffffe4d 2a
FIXUPS: 50eca 4b ffffff11 fffffe19 29 ffffffa0 17 1bfb 1d 11 15 15 fffffabc
FIXUPS: 52365 fffffc5f 2bf 2d 2f fffffaff 29 19 2c fffffd2e 85 69 33 8c
FIXUPS: 51d5b fffff815 21 2b 28 1e 2c 38 16 22 23 ac 1e4a 1d fffffe7b fffffb63
FIXUPS: 52ffa 141 52 35 140 fffffb7c 5f fffffbaa 4d 40 40 43 4d 40 43 50
FIXUPS: 52d07 4d 65 60 fffffb20 fffffadb 2a0 5a 34 37 60 21 24b4 fffff964
FIXUPS: 54655 33 24 bd 2d 9b 32 43 c 10 c fffff35c 14d eb 1c8 8c 152 6d
FIXUPS: 544ad 13 fffff1f7 21 35 35 13a c 10 c 27 6c 1d6f fffffa1f a7 fffffc9d
FIXUPS: 54e7c 1c 1f 49 11 71 5f 1d c 47 fffffd4f 43 ffffff4b fffffce3 2b
FIXUPS: 54a64 2c 3a 26 1c 5e 25 28 31 43 28 31 16 1c57 42 2f 87 fffff68d
FIXUPS: 55b24 45 29 3a 40 3e 33 4b 59 5a c 19 42 3c a7 19 28 c 21 fffff822
FIXUPS: 5576e d9 13f 9e fffff9e4 70 4f fffabb81 3f b8 d3 bd 85 45 30 ba
FIXUPS: 1496 55bd0 fffffdcb 1a 13 28 30 30 fffffd65 13 2b c 2a 50 c 2b
FIXUPS: 56d83 c 3a fffffe06 fffffc16 79 81 fffaafdd 12 2b 8 9 c 14 f 12
FIXUPS: 1965 55772 c c b fffaa8f7 d 4e 15 1c 25 21 55641 b fffaa9e8 1a
FIXUPS: 1b41 b b b b 10 fffff4b2 5c2 a 7 7 7 7 7 7 7 7 7 7 7 5 7 7 7 7
FIXUPS: 1670 7 7 f 15 19 14 31 39 c 38 ca 2a 44 2eea8 1c 49 93 30 2d 4a
FIXUPS: 30926 13 2d 75 30 143 12 12 12 12 12 12 12 12 12 12 12 17 a d fffd093c
FIXUPS: 15c9 a a a 2e3de a d 21 10 8a 7 7 7 7 7 7 7 d 366 9d 3a8 10 19b
FIXUPS: 30449 2c 16 11c 1c 3f 10 4e 34 42 39 21 1f ffffeed5 19 1c 16 16
FIXUPS: 2f69b 16 16 26 a 13 10 46 18 18 17 18 18 17 28 41 1f 19 10 43 28
FIXUPS: 2f924 1e 13 2c 11 16 fffff50e 80 3f e e 29 9 13 39 e e 15 10 3d
FIXUPS: 2f0e9 17 17 b8 ae af 85 50 1f 31 27 c9 16 3c 14 14 19 d fffff190
FIXUPS: 2e795 35 c0 4a 2f 2e 1a 19 35 1a 26 40 1a 3a 10 121 2e 23 26 9
FIXUPS: 2ec5a 2866b c fffd79ef 26 13 46 4f ac 9 43 fffff113 c 26 20 24
FIXUPS: 2e038 4d e 66 9 13 38 12 1f 1f 1f f2 c4 f5 31 1f 31 2a 6f 67 3a
FIXUPS: 2e652 2f 1e 1d 24 b fffff115 31 e e 19 3f e e 29 9 13 39 e e 15
FIXUPS: 2d980 3b b0 a7 9c 72 a7 4b 1f 31 27 a5 45 46 1e 3d 42 fffff498
FIXUPS: 2d419 51 7 7 d 40 22 1b 21 18 a 7 7 1b 16 13 25 13 35 ab 19 17
FIXUPS: 2d6e6 7 7 7 1f 48 2a 3b 1d fffff7a8 2a 3c 1f 16 19 43 10 49 af
FIXUPS: 2d1ae 4d 7 10 7 4b 7 10 7 18 21 d 10 3e d 10 10 a 4a d 30 10 fffff75d
FIXUPS: 2cb4c b b b b e e e e e 36 e e c 10 4c 9d 65 d 10 10 5d 49 20 54
FIXUPS: 2cee8 13 48 7 7 c fffff834 19 3d 10 3c a6 10 44 d 10 10 a 40 10
FIXUPS: 2c9be 7 38 34 b b b b b e e e e e 36 e e 10 fffff696 e e e e 14
FIXUPS: 2c202 40 12d 1f 5c 1e 2b 2d 59 d 34 a 10 31 3d c 23 24 7 9 16 2b
FIXUPS: 2c652 16 2f 16 fffff376 2b884 b fffd47ab 1fc a5 129 13 f 15 15
FIXUPS: 2be88 93 75 74 13 22 46 1f 36 b b b b e e e e e e e e fffff3d2
FIXUPS: 2b57d 16 15 27 37 29 50 40 24 73 2bb01 b fffd453d 28 11 2c 32 49
FIXUPS: 2b885 f d 47 18 4c 24 2b907 c d c fffd4749 27 fffff3a3 2c436 b
FIXUPS: 2ae13 9 11 e 37 1d 2c386 b fffd3cdc 21 21 1e d0 19 2bd 15 58 e
FIXUPS: 2b38b 23 29 3d 5e 2bdc3 c fffd427e 22 3c 19 fffff237 13 3d 13 3d
FIXUPS: 2a820 3d 13 48 13 4a 27 49 28 48 35 4b 43 4d 1e 2b 53 1e 2b 51
FIXUPS: 2ac59 2e ac 9 11 e 37 fffff436 29 13 13 7b 1d 15 72 31 20 15 13
FIXUPS: 2a404 1a 88 1a 3f c 1a 17 17 1c 4b 15 1a 58 3c 13 3d 13 3d 13 fffff469
FIXUPS: 29ba6 10 5b d 10 6e d 10 75 f 10 68 34 34 d 10 ac 15 14 10 57 29
FIXUPS: 29fb8 6e 21 1d 15 77 31 45 31 2d01d b fffd25a6 16 6f 40 c 2f 11
FIXUPS: 29893 10 32 13 23 43 c 1a 22 10 28 25 d 1f 46 d 10 43 d 10 48 d
FIXUPS: 29b47 fffff64d 34 51 1f 1d 41 27 2a 9 14 29 7a 21 2e 58 9e 33 34
FIXUPS: 2956e 20 1d 1b 1a 1b 1b 1a 16 5a 2b 18 f 17 fffff62b d 57 7 7 7
FIXUPS: 28dba 49 13 7f 15 7 7 7 7 7 1d 42 13 3d 13 3d 13 3d 13 4b 13 4d
FIXUPS: 290ed 34 4c 9 fffff8a7 7 7 7 7 7 15 58 c 7 7 7 d 63 12 5f 12 54
FIXUPS: 28c1c 7 d 79 7 7 7 7 7 45 7 7 7 7 fffff65d 53 25 32 21 e 1d 48
FIXUPS: 28513 11 10 59 2a 76 10 67 3a 3e 13 3d 13 3d 13 3d 13 4b 13 4d
FIXUPS: 288dd 49 13 dd ffffeec4 42 19 3b 73 27 13 15 1d 2a 2e 2d 20 11f
FIXUPS: 27cc0 64 5c 26 23 3c 103 f2 1b3 40 57 25 7b 30 15 e 1a 26 fffff0b2
FIXUPS: 2745e 6 46 30 a 45 30 a 36 2a 37 c 20 1f 1f 13 29 1c 31 18 32 1c
FIXUPS: 2777d 18 32 1c 2a 20 10 75 15 fffff39b 16 d a 38 55 19 1c 26 10
FIXUPS: 26d91 7 d 2e 19 38 3a 18 18 e e e 10 58 33 d 144 27 d 15c 1c4 27
FIXUPS: 2666a 2a 25 a 7 32 f0 36 2e 23 1c 25 36 28 3d 1c 24 28 a 7 38 c5
FIXUPS: 26ae2 29 41 4b 1e 24 28 a 7 2b fffff405 13 13 36 1b 33 a 30 16
FIXUPS: 2615e 40 a d a 7 27 2b 25 37 e e e e 16 10 e4 128 22 65 10 24 19
FIXUPS: 259fa 3c f d 47 9 d 8b 56 7 1e 42 b3 d 65 e e e e e e 10 54 27
FIXUPS: 25e11 61 a 25 2b 2a 5d 62 fffff344 30 3b 16 37 16 36 16 31 16 1c
FIXUPS: 254c5 61 ff 4c 59 38 10 57 2b 28 33 d 27 7 2d 13 b7 63 22 30 12
FIXUPS: 24d9e 77 57 6 1b 20 6 24 10 cb 1b 13 7 32 16 22 19 27 25 4f 30
FIXUPS: 2513c 13 7 36 16 2f d 19 d 25 b7 fffff255 16 32 32 a 30 16 30 58
FIXUPS: 24691 d a 7 32 32 a 32 16 2d 13 16 3b 44 a d a 7 28 2b 2a 34 430
FIXUPS: 24047 a 4a 31 32 32 a 32 16 2d 13 16 3b 19 28 2b 2a 34 74 22 27
FIXUPS: 243a1 32 27 7 2f 16 2a 16 2d 20 32 fffff105 14 14 1c 10 48 c d
FIXUPS: 23906 13 9 c 20 1d a ce 84 d0 11 16 10 2be 22 27 7 32 27 7 3a 20
FIXUPS: 23fc8 4c fffff436 e e e e e e e e e e e e e e e e e e e e e e e
FIXUPS: 2359a e e e e e e e fffffc20 e e e e e e e e e 14 14 1d c 10 61
FIXUPS: 2336a e e e e e e e e e e e e e e e fffffc20 e e e e e e e e e
FIXUPS: 230e8 e e e e e e e e e e e e e e e e e e e e e fffffc1e e e e
FIXUPS: 22e64 e e e e e e e e e e e e e 14 14 29 a c 10 5b e e e e e e
FIXUPS: 2304e fffffc1e e e e e e e e e e e e e e e e e e e e e e e e e
FIXUPS: 22dca e e e e e e fffffac3 39 a 7 1c 12 2c 13 13 b 6c 18 18 15
FIXUPS: 22a7d 16 14 30 a 29 a d a 1c 16 17 16 17 16 17 16 32 fffff7df 1d
FIXUPS: 2242f c 30 26 26 7 7 27 19 18 e 2b 1e 2e 7 f 18 18 4b 1c 5b de
FIXUPS: 227f2 14 10 57 16 10 10 37 fffff286 5b 1c 1d 16 2f 25 7 36 a 16
FIXUPS: 21cc2 62 44c f 45 42 42 7 3a 10 1e a 1a 2e 1d 1d c 30 1d 1d c fffff09e
FIXUPS: 21490 2d 30 2d 2d 30 25 69 33 67 4d c 15 15 f d1 3d 5d 4a 25 7
FIXUPS: 21945 28 7 eb 2f 59 c 29 c 1c ffffee29 e e e e e e e e e e e e
FIXUPS: 20a23 e e e e e e e 15 3bd 4c0 10 3c 10 26 23 23 27 2d ffffeefc
FIXUPS: 2033d e 6c 56 10 67 18 43 200 d7 7 f 10 72 7 1c 30 b b e e e e
FIXUPS: 208fd e e e e e e e fffff401 f 3a 32 f 1b 21 44 13 13 13 72 66
FIXUPS: 1ffe2 8 21 51 23 24 8 d 72 4a 4a 4a 4a 4d 22 36 e e e fffff611
FIXUPS: 1f96a 1b 24 7 7 2a 10 36 8 17 1f 2d 26 10 38 12 7 20 1a 22 30 2a
FIXUPS: 1fbdf 37 12 7 22 68 2f f 3a fffff501 10 2f 19 45 19 41 b1 bc 81
FIXUPS: 1f54a 31 d 3b d 71 2e a 19 43 4c 34 1c 25 12 6e a d 3e 10 3d 37
FIXUPS: 1e98c 10 43 113 11c 10e a5 75 38 31 29 18 10 33 26 18 38 1b 1f
FIXUPS: 1efe9 d 16 10 45 2e a 19 4b 67 4d 34 25 ffffefbf 19 43 ec d 51
FIXUPS: 1e3d9 1e 31 47 31 a 25 26 10 13 13 16 22 10 21e 34 1c 28 62 8 50
FIXUPS: 1e8d3 3c 20 1a 27 fffff0ff e e e 88 17 17 12 1f 1c 12 1b 1b 19
FIXUPS: 1dc3f 32 b7 c8 bd 81 b8 3b 31 2c 20 27 a 10 34 d 71 2e fffff564
FIXUPS: 1d733 19 f 1f 4f 2e 10 10 8c 74 7 7 7 7 7 7 7 7 7 7 7 7 7 7 7 d
FIXUPS: 1d9c1 e e e 19 fffff367 71 73 d 2a 33 2b 24 ff 1b 5f d 44 20e 43
FIXUPS: 1d32a 16 7f a d 10 6d b9 d1 33 52 26 f 26 f 1e 12 fffff3ed 16 16
FIXUPS: 1cb3a 37 e e e e e e e e e e e e e 19 75 e e e e e e e e e e e
FIXUPS: 1cd5d fffff904 2e a 19 4b 10 60 21 d 47 2c 1a 1e 15 21 13 28 1a
FIXUPS: 1c8ef 17 2b 2b 27 2f 1d 10 50 25 13 13 29 16 fffff34d a 13 11 16
FIXUPS: 1be5c 20 43 17 12 35 78 d1 e7 d8 8c 8e 38 31 27 a2 16 42 a4 f 12
FIXUPS: 1c5b3 19 10 23 10 10 fffff32c 4e 2b 26 d 4a 13 19 22 85 1c 19 21
FIXUPS: 1bb7a 42 26 36 18 10 31 e e e e 19 73 e e e e 5c 24 fffff527 10
FIXUPS: 1b334 14 1c 12 1a 3be07 b fffc421f e e 19 39 e e 20 12 31 10 4f
FIXUPS: 1b533 18 10 42 c3 c6 80 63 38 31 c3 fffff1f8 8 9 c 15 3a 1b 21
FIXUPS: 1acd0 175 77 36 12 16 2e 70 34 3a 8 9 c 15 4e 28 2a 8c 2c 11 55
FIXUPS: 1b27d 7f 10 ffffeff1 3ce5a d e e c fffc318d 4f 10 9a 12 1f 44 9
FIXUPS: 1a55d ca e 7e 51 38 31 2a 15 10 3d 13 19 a6 58 137 87 12 fffff27f
FIXUPS: 19da1 13 13 3a 13 13 3a 13 13 57 14 2a c d 55 1f 30 1f 2d 59 28
FIXUPS: 1a0b2 2f 69 5a 15 30 3b 30 65 24 fffff592 7 7 7 7 7 10 2f e 5a
FIXUPS: 1999a e 32 47 1e b 39 22 2f 22 42 46 3d5a7 b b c fffc2a9f 47 47
FIXUPS: 19cbb 47 47 fffff704 18 16 15 25 9b 1c 29 18 18 2b 37 58 53 20
FIXUPS: 19743 34 1f 7 7 7 7 7 7 7 7 38 1f 25 10 7 7 fffff5ef 181 28 46
FIXUPS: 19056 19 2b 16 33 38 39 b8 10 13 16 13 26 2a 2a 13 15 13 19 21
FIXUPS: 19365 20 10 13 1d 41 18 18 fffff0f8 7 7 7 7 7 d 37 e e e 44 33
FIXUPS: 18668 10 af 9 2d 12 13 2b 43 16f 174 cd 33 18 10 40 4b e 190 fffff09f
FIXUPS: 17edf 22 3b 2f 1a 1e 13 2f 1a 1e 17 33 2c 33 d a0 17 a9 17 122
FIXUPS: 183b1 22 46 1e 1a 10 aa 7 7 7 7 fffff2eb 36 30 39 39 bf 10 55 19
FIXUPS: 17a51 1f 16 13 16 24 22 16 10 4b 3f 1f 1a 18 17 18 18 75 e4 18
FIXUPS: 17dde 15 2b ffffeb90 d 3f 41 163 157 15f 169 154 c0 15d 45 38 31
FIXUPS: 17406 151 16 40 2c 15 13 2c 19 22 19 18 2f 40 43 22 35 38 ffffe4e8
FIXUPS: 15cd2 28f e e 19 33 e e d6 1f 1f 1f 1f 1f 3f 19 11 10 3c 1f 12
FIXUPS: 16269 155 168 154 c1 15c 45 38 31 2a ffffeeba 4e 19 2f 7 31 7 41
FIXUPS: 15977 f 16 19 f 10 3c 17 26 43 17 26 1c 38 17 24 28 2b 2a 2e 2f
FIXUPS: 15c69 35 10 ffffedd4 39 15c b6 52 2c 14 1b 1f1 99 61 d7 45 9b 19
FIXUPS: 15260 2b 1fe be 8e 19 f 72 f 42 26 5c 23 f 34 3b 2e ffffecde e
FIXUPS: 1450b e e e e e 21 19 36 e e e e e e e e 21 19 3e 20 61 32 1f ac
FIXUPS: 148ce 66 d c8 3c ffffe7eb 8 e 33 16 629 6 13 57 71 17c 128 ab 3b5
FIXUPS: 140b5 22 3c 110 35 4c 2c 11 10 da a d 34 39 10 44 10 2e ffffe6be
FIXUPS: 12bc6 7 26 f 29 a1 123 d e7 d 19 25 b b 14 8d 22 19 2c 7 26 22
FIXUPS: 130a2 52 2c 50 2f f 13 16 f fffff331 41 8f 1c 1c 1c 1c 73 57 18
FIXUPS: 12749 5c 26 31 33 22 12b 37 40 1b 1b d 3d 1b 1b d 13 25 38 20 7
FIXUPS: 12b71 fffff4f3 e e e e e e e e e e e e 16 1c 10 10 1b 63 45 32
FIXUPS: 12283 60 47 28 47 47 2b 28 2e 5a 2e fffff97d e e e e e 16 19 39
FIXUPS: 11f22 e e e e e e e e e e e e e e e e e e e e e e fffffc2b 33 e
FIXUPS: 11cd0 e e e e e e e e e e e e e e e e e e e e e e e e e e e e fffff8eb
FIXUPS: 1175d 1b 1b 1a 1b 1b 1a 1b 1b 1f 41 18 1b 1a 1b 1b 1a 1b 1b 1a
FIXUPS: 1199b 1b 1a 1b 1b 22 10e 46 46 46 46 fffff5f8 31 d 47 4f 5d 19
FIXUPS: 113f4 3a 42 18 1b 1f 3e 18 1b 1a 1b 1b 1f 3e 18 1b 1a 1b 1b 1a
FIXUPS: 11698 1b 1f 3e 18 ffffe6a5 78 f 60 16 2cf 2f e9 11 10 42 1a 5f
FIXUPS: 103ab 10 1ed 59 88 d 3d4 d 15e a6 a3 93 81 3b 10 16f d 225 18 ffffdfdd
FIXUPS: f24f 19 12 99 9 54 c 22 233 e e e 10 3c e e e 17 3e 44 25 43 1f
FIXUPS: f7a9 e 35 285 f c1 f 26e ffffdb5e 6d 6e 72 6e 50 91 140 13 237
FIXUPS: dff3 12f d6 2f 10 30 10 30 10 917 20d 9e 86 102 17 19 41 18 4b
FIXUPS: f118 a8 47 ffffd7fe 10 2f a 7 10 2f a 7 10 16 23 1b 2b 2b 1e d
FIXUPS: cb94 30 1e d a 33 25d 64 94 275 13 43e 11f 13 32 ffffef3b 4a 7
FIXUPS: c73e 7 13 10 36 a 7 10 2f a 10 3b 16 28 17 13 22 22 1a 10 39 7
FIXUPS: c96c d 21 43 7 7 7 fffff3ed 4d 1e 1e d 3e a1 3e 9e f9 34 96 16
FIXUPS: c23d 93 a7 10 30 10 41 97 1a 2c 82 12 80 b 2c 2f 2b 32 6 ffffdcf4
FIXUPS: a3c9 e0 32 1a5 19 29 13 19 1c 48 10b 1c 32 af af 32 af 1f 32 8f
FIXUPS: ae49 2d b6 18d 2d b1 67a 7c d0 7e 388 ffffdaaf 15f f1 8 10 40 10
FIXUPS: 9aee 1d 9 17 15 ba 1e 16 138 46 26 2d a 7 7 20 76 e2 66 19 25 4b
FIXUPS: a0d5 5d 5e ffffefd8 a d 35 36 1b a d 2f 46 21 e 21 11 1f 44 7 34
FIXUPS: 939a 7 1c 35 129 3f 4e 1f 45 1c 62 1f 39 ff fffff198 23 3b d 22
FIXUPS: 8a33 1a 43 61 7 1f 5d 8d 8d 72 77 52 1f bb 21 b 2f 2f 26 c3 9b
FIXUPS: 90ea 18 f f 11 27 fffff35c 49 1f 3d 15 16 16 16 16 e a4 31 15 16
FIXUPS: 86ea 16 16 e 9c 37 d 22 26 1e b 24 24 23 2c 1b 27 b ffffefa0 3e
FIXUPS: 794a 5a 6b 56 1f 2d 13 4b 1c d6 81 81 81 81 31 232 1f b0 1c 2f
FIXUPS: 8227 11d 2e 59 13 13 13 13 13 e ffffe8ed c 21 a d 22 3b 46 c 3f
FIXUPS: 6e67 22 34 47 22 e 1c af 1f 96 1f 34 19d 33 a5 1db a5 c1 1f 184
FIXUPS: 787c 61 fffff10d 19 12 18 14 f 52 d 10 3b 43 1f 1f 1f 1f 1e 1a
FIXUPS: 6c0b 1a 1a 29 15 a 15 a 15 c b 15 a 15 a fffff03a 3f 1c 37 1f 1f
FIXUPS: 5e80 1c 35 8 14e 45 28 1f 60 50 2f 68 23 4b 7 1f 39 10 a 22 31
FIXUPS: 6344 1f 34 30 22 fffff0e9 128 ab 2c 29 e 1f 52 18 c 17 2d 31 7
FIXUPS: 5838 1d4 d 1f 1f 45 1f 1f 3d d 10 49 1d 14 51 7 1f 2c fffff31e
FIXUPS: 4f82 5f 3e 13 13 23 33 1f 3c 15 16 16 23 5c 1f 32 10 1f 26 e 42
FIXUPS: 52fc 30 e 42 42 42 32 27 29 29 fffff560 3c d 22 81 1f 33 15 16
FIXUPS: 4b8a 69 1f 60 15 2e 52 41 1f 30 1a 1f 6 f f 16 51 18 a 2f 56 31
FIXUPS: 4f5c ffffec39 1c 307 1c 51 1c fd 1f 37 13 12 b 1c ac cb 2b 8 1c7
FIXUPS: 44a5 10 28 41 189 10 169 1c 64 1c b9 19 13 4b ffffe77b 3c d 2d
FIXUPS: 31fb 7 2a 1e 7 46 d 22 bb 63 25 1d 1d 35 a 22 371 1c 64 1c 8c 1c
FIXUPS: 39bd 1c be 1c 5a 1c fffff138 10 46 53 f 16 19 14 29 42 8 f 19 19
FIXUPS: 2e24 29 42 b2 1f 67 8 8 37 13 99 14 10 a 7 d 33 19 fffff332 29
FIXUPS: 24e5 29 55 29 4e 29 45 29 6c 29 48 29 52 29 79 10 34 29 59 43 29
FIXUPS: 29e0 7 29 47 29 94 29 aa 10 fffff268 10 2a d 2c d 2a d 50 d 26
FIXUPS: 1f9e d 33 d 33 10 30 d 97 3a d6 22 4e 22 34 22 25 22 1f a3 29 329d3
FIXUPS: 34e34 46 12 12 13 d d 36 d fffccc9b d 2c 11 19 25 23 1b 2a d 3b
FIXUPS: 1cee 2b d 55 2e 11 d 22 d 34 11 32ccc 7 7 7 b 38 26 24 12 2b 8
FIXUPS: 34bf7 c 10 b 11 f f 12 1a 2299e c c b fffdd692 11 28 2a 65 228b0
FIXUPS: 5764f fffdd778 fffff9ed 1a 22e19 c b fffdd200 21 13 19 16 f b 30
FIXUPS: 348b7 10 d 1e 5f 3d 2f c 11 35 27 21 7 1a 21 7 d 37 1c fffff971
FIXUPS: 34498 7 1e 18 1a 230d8 b fffdcf4c 24 13 19 1a f f 3a b5 2a 37 17
FIXUPS: 3471c 7 7 7 7 7 7 2b 8 9 c 14 fffff94a 28 21 2c 27 7 7 7 7 7 7
FIXUPS: 341b9 12 37 27 7 7 7 7 7 7 7 12 1a 23311 c b fffdcd20 15 6c 20
FIXUPS: 34442 fffff933 c c 3a 34 20 22 1e 22 24 2b 8 9 c 14 f 12 1a 2362f
FIXUPS: 57573 c b fffdc9db 15 12 29 15 49 14 a0 8 b fffff855 21 22 2b 7
FIXUPS: 339b4 12 12 1a 23b55 b fffdc4d7 11 69 20 13 10 25 10 8c 11 13 33
FIXUPS: 33c1f 15 19 16 61 f 2c 2c 43 fffff881 32 d 30 21 15 19 16 1f 15
FIXUPS: 33736 c 1f 3a 41 29 13 7 24 2b 8 9 c 14 f 12 1a 23c3d c c b fffdc3d4
FIXUPS: 331d1 c 14 f 12 1a 2429b c c b fffdbd92 15 4a 1e 15 24 241c2 b
FIXUPS: 33367 2b 23 55 ec 49 1c 36 b b e e e e fffff763 5c 52 20 11 5b
FIXUPS: 574a4 b fffdba08 35 35 d 30 21 13 19 16 1b 15 4d c c 38 47 3f 5a
FIXUPS: 33175 7 7 12 2b 8 fffff64f 49 15 1b 24 c 160 be 3e 28 29 3e 7 7
FIXUPS: 32bdd 2b 8 9 c 14 f f 12 1a 247e4 c c c b fffdb836 15 e fffff813
FIXUPS: 32515 19 16 2d c 1e 44 51 25 12 27 21 f 7 2b 8 9 c 14 f 12 1a 24cdb
FIXUPS: 57443 c b fffdb334 21 13 19 16 fffff946 19 16 1f 60 7 16 c c 3a
FIXUPS: 32287 31 30 7 7 7 12 2b 8 9 c 14 f 12 1a 25061 c c b fffdafad da
FIXUPS: 324de fffff8b5 9 c 14 f 12 1a 255c0 c c b fffdaa68 15 e e e e c
FIXUPS: 31ebb 37 43 72 20 46 7 77 25359 b fffdacd2 d 30 24 fffff86e 2a
FIXUPS: 319d3 63 7a 20 19 22 16 d 10 3e 21 38 8 9 c 17 1a 25774 b fffda8ac
FIXUPS: 31c72 13 19 29 3e 24 21 f 7 2b fffff84c 1a 25d56 c b fffda2e0 15
FIXUPS: 31669 2c 3b 4b 13 1c 7 17 1a 25bf5 b fffda42c 24 15 44 3e 24 15
FIXUPS: 318d1 64 7 1b a c b fffff8fb 1e 4f 7 7 7 7 17 1a 25fda b fffda06c
FIXUPS: 31393 18 3b 24 3b 7 7 17 1a 25ea3 b fffda19c 15 16 3f 23 48 7 7
FIXUPS: 315c5 85fe 1db76 e fffe24c7 d 36 13 13 32 5 d 73 10 ffff701a a0
FIXUPS: 30f95 37 13 d8 15 28 3a 2b 28 7 17 1a 2612e b fffd9f1c 15 18 836e
FIXUPS: 395c1 34 17 35 2b 56 23 22 4c 16 1b 2e 17 1df5d fffe20eb 17 1f
FIXUPS: 39853 d 32 10 72 1a 76 10 d6 10 35 38 6d 1f fffff511 10 2e 10 34
FIXUPS: 39136 b1 7 c e b 10 e b 10 c c 27 c9 10 2e 10 34 10 6e 10 30 1a
FIXUPS: 394e5 17 69 10 fffff66e 10 4a 16 13 13 13 3d 8 49 1d 15 10 39 10
FIXUPS: 38e59 10 68 a 18 17 21 1a 13 24 15 2f c 25 f 62 10 fffff840 11
FIXUPS: 388d4 f 8 c 15 11 d 1b 14 10 3a c 11 11 f 35 17 f 1a 2e 20 25 18
FIXUPS: 38b17 d 2d 13 13 40 1d fffff7c1 e 17 3e 17 34 c 11 11 f 34 10 30
FIXUPS: 3850e 37 17 3c 17 62 c 12 b e 11 b 15 c 1b 17 142 64 44 fffff484
FIXUPS: 37d3c f 1a 2e 20 25 18 37 d be 10 93 10 2f 1a 77 e 17 3b e 17 3e
FIXUPS: 3813f 128 6d 3b 1c f f b 10 fffff606 e e 15 20 15 10 f 10 36 10
FIXUPS: 37aa2 10 d 2e 10 82 17 28 11 3a 38 c 12 b e 11 b 15 c 1b 17 fffff988
FIXUPS: 3768b f f b 10 31 f f f 21 2e 12 36 f d 30 f f d 3d d 37 a 8 31
FIXUPS: 37902 17 11 9 19 16 fffff920 21 32 e 17 3e 17 6a f d 32 7 c e b
FIXUPS: 37443 e b 10 c c 27 36 10 33 10 35 18 34 17 43 20 200a7 fffdf886
FIXUPS: 36f74 19 8 f 15 c 1a 20705 9 17 b fffdf90e 10 40 14 10 3c c 10
FIXUPS: 37123 d 35 d 35 1e 3a 20 36 f f fffff86e 25 23 17 13 1a 1f 29 1f
FIXUPS: 36bf3 21 1d 4b 13 1b 14 3f 16 d 4c 13 1b 14 3f 16 d 56 13 15 1a
FIXUPS: 576b4 17 fffded82 1e 19 21 31 1c 98 50 f 39 16 16 31 15 5a 1f 1e
FIXUPS: 36744 20 3c 33 1c 98 50 f 39 16 16 2d 1f 111 1a fffff4af 3b 20
FIXUPS: 35fe2 67 15 1f 16 10 35 1f 2b 8 15 1a 9 15 e 3b 29 1c 9f 50 f 30
FIXUPS: 36349 21 23 18 1b 10 5e fffff52f 15 18 1b 16 15 ae 21 1c 9f 50
FIXUPS: 35bc3 20 2f 60 47 25 e 22 1c 14 e 37 34 34 37 37 50 25 41 12 3e
FIXUPS: 35423 16 15 17 22235 b fffdde13 23 b 33 19 4d 1c 28 1f 1c 5c 90
FIXUPS: 35712 22 52 3a 15 18 19 6f 22 25 61 13 f f fffff5f0 7a 17 1f d
FIXUPS: 35024 63 e 11 9c 1d 28 f f d 2c 1b f 20 2243c c c b fffddbd4 8a
FIXUPS: 35302 1d 40 10 57 1f 1f
